[JETSON-GST] broker connecting ws://192.168.0.124:8765/ws?role=jetson&session=mcqueen
[JETSON-GST] broker connected
[JETSON-GST] pipeline: videotestsrc -> VP8 -> webrtcbin
[JETSON-GST] PLAYING <enum GST_STATE_CHANGE_SUCCESS of type Gst.StateChangeReturn>
[JETSON-GST] negotiation needed
[JETSON-GST] offer sent
[JETSON-GST] answer applied
[JETSON-GST] ICE <enum GST_WEBRTC_ICE_CONNECTION_STATE_CHECKING of type GstWebRTC.WebRTCICEConnectionState>
[JETSON-GST] ICE <enum GST_WEBRTC_ICE_CONNECTION_STATE_CONNECTED of type GstWebRTC.WebRTCICEConnectionState>
[JETSON-GST] CONTROL frame=72 TEST-LOOP=61.7 ms
[JETSON-GST] CONTROL frame=84 TEST-LOOP=82.1 ms
[JETSON-GST] CONTROL frame=100 TEST-LOOP=44.0 ms
[JETSON-GST] CONTROL frame=114 TEST-LOOP=101.2 ms
[JETSON-GST] CONTROL frame=130 TEST-LOOP=50.5 ms
[JETSON-GST] CONTROL frame=144 TEST-LOOP=82.6 ms
[JETSON-GST] CONTROL frame=154 TEST-LOOP=94.6 ms
[JETSON-GST] CONTROL frame=170 TEST-LOOP=35.2 ms
[JETSON-GST] CONTROL frame=180 TEST-LOOP=60.8 ms
[JETSON-GST] CONTROL frame=194 TEST-LOOP=97.6 ms
[JETSON-GST] CONTROL frame=210 TEST-LOOP=40.6 ms
[JETSON-GST] CONTROL frame=224 TEST-LOOP=81.7 ms
[JETSON-GST] CONTROL frame=240 TEST-LOOP=37.1 ms
[JETSON-GST] CONTROL frame=254 TEST-LOOP=81.7 ms
[JETSON-GST] CONTROL frame=268 TEST-LOOP=105.3 ms
[JETSON-GST] CONTROL frame=280 TEST-LOOP=112.5 ms
[JETSON-GST] CONTROL frame=296 TEST-LOOP=47.5 ms
[JETSON-GST] CONTROL frame=310 TEST-LOOP=77.5 ms
[JETSON-GST] CONTROL frame=320 TEST-LOOP=81.1 ms
[JETSON-GST] CONTROL frame=330 TEST-LOOP=81.6 ms
[JETSON-GST] CONTROL frame=340 TEST-LOOP=81.7 ms
[JETSON-GST] CONTROL frame=356 TEST-LOOP=40.4 ms
[JETSON-GST] CONTROL frame=374 TEST-LOOP=8.3 ms
[JETSON-GST] CONTROL frame=386 TEST-LOOP=23.9 ms
[JETSON-GST] CONTROL frame=400 TEST-LOOP=130.5 ms
[JETSON-GST] CONTROL frame=416 TEST-LOOP=23.7 ms
[JETSON-GST] CONTROL frame=426 TEST-LOOP=30.4 ms
[JETSON-GST] CONTROL frame=440 TEST-LOOP=83.1 ms
[JETSON-GST] CONTROL frame=456 TEST-LOOP=28.0 ms
[JETSON-GST] CONTROL frame=466 TEST-LOOP=33.6 ms
[JETSON-GST] CONTROL frame=478 TEST-LOOP=32.5 ms
[JETSON-GST] CONTROL frame=490 TEST-LOOP=82.1 ms
[JETSON-GST] CONTROL frame=506 TEST-LOOP=38.2 ms
[JETSON-GST] CONTROL frame=520 TEST-LOOP=81.3 ms
[JETSON-GST] CONTROL frame=530 TEST-LOOP=85.8 ms
[JETSON-GST] CONTROL frame=546 TEST-LOOP=50.4 ms
[JETSON-GST] CONTROL frame=556 TEST-LOOP=60.8 ms
[JETSON-GST] CONTROL frame=570 TEST-LOOP=108.1 ms
[JETSON-GST] CONTROL frame=586 TEST-LOOP=59.6 ms
[JETSON-GST] CONTROL frame=596 TEST-LOOP=60.8 ms
[JETSON-GST] CONTROL frame=610 TEST-LOOP=88.5 ms
[JETSON-GST] CONTROL frame=626 TEST-LOOP=32.9 ms
[JETSON-GST] CONTROL frame=636 TEST-LOOP=40.6 ms
[JETSON-GST] CONTROL frame=650 TEST-LOOP=89.5 ms
[JETSON-GST] CONTROL frame=660 TEST-LOOP=89.6 ms
[JETSON-GST] CONTROL frame=676 TEST-LOOP=49.4 ms
[JETSON-GST] CONTROL frame=690 TEST-LOOP=89.9 ms
[JETSON-GST] CONTROL frame=700 TEST-LOOP=94.8 ms
[JETSON-GST] CONTROL frame=716 TEST-LOOP=33.2 ms
[JETSON-GST] CONTROL frame=726 TEST-LOOP=40.8 ms
[JETSON-GST] CONTROL frame=740 TEST-LOOP=89.8 ms
[JETSON-GST] CONTROL frame=756 TEST-LOOP=19.9 ms
[JETSON-GST] CONTROL frame=766 TEST-LOOP=45.0 ms
[JETSON-GST] CONTROL frame=776 TEST-LOOP=46.2 ms
[JETSON-GST] CONTROL frame=788 TEST-LOOP=30.6 ms
[JETSON-GST] CONTROL frame=800 TEST-LOOP=98.0 ms
[JETSON-GST] CONTROL frame=810 TEST-LOOP=99.2 ms
[JETSON-GST] CONTROL frame=820 TEST-LOOP=112.4 ms
[JETSON-GST] CONTROL frame=836 TEST-LOOP=52.4 ms
[JETSON-GST] CONTROL frame=850 TEST-LOOP=106.9 ms
[JETSON-GST] CONTROL frame=866 TEST-LOOP=53.1 ms
[JETSON-GST] CONTROL frame=876 TEST-LOOP=59.4 ms
[JETSON-GST] CONTROL frame=894 TEST-LOOP=42.9 ms
[JETSON-GST] CONTROL frame=906 TEST-LOOP=57.8 ms
[JETSON-GST] CONTROL frame=920 TEST-LOOP=108.5 ms
[JETSON-GST] CONTROL frame=936 TEST-LOOP=53.1 ms
[JETSON-GST] CONTROL frame=946 TEST-LOOP=57.9 ms
[JETSON-GST] CONTROL frame=956 TEST-LOOP=61.0 ms
[JETSON-GST] CONTROL frame=970 TEST-LOOP=114.4 ms
[JETSON-GST] CONTROL frame=986 TEST-LOOP=54.2 ms
[JETSON-GST] CONTROL frame=996 TEST-LOOP=57.1 ms
[JETSON-GST] CONTROL frame=1006 TEST-LOOP=61.7 ms
[JETSON-GST] CONTROL frame=1020 TEST-LOOP=77.9 ms
[JETSON-GST] CONTROL frame=1030 TEST-LOOP=110.3 ms
[JETSON-GST] CONTROL frame=1046 TEST-LOOP=59.0 ms
[JETSON-GST] CONTROL frame=1060 TEST-LOOP=107.6 ms
[JETSON-GST] CONTROL frame=1076 TEST-LOOP=40.9 ms
[JETSON-GST] CONTROL frame=1090 TEST-LOOP=77.1 ms
[JETSON-GST] CONTROL frame=1100 TEST-LOOP=82.5 ms
[JETSON-GST] CONTROL frame=1116 TEST-LOOP=36.6 ms
[JETSON-GST] CONTROL frame=1130 TEST-LOOP=82.0 ms
[JETSON-GST] CONTROL frame=1140 TEST-LOOP=85.6 ms
[JETSON-GST] CONTROL frame=1150 TEST-LOOP=87.4 ms
[JETSON-GST] CONTROL frame=1166 TEST-LOOP=41.9 ms
[JETSON-GST] CONTROL frame=1180 TEST-LOOP=81.7 ms
[JETSON-GST] CONTROL frame=1196 TEST-LOOP=25.1 ms
[JETSON-GST] CONTROL frame=1206 TEST-LOOP=30.7 ms
[JETSON-GST] CONTROL frame=1220 TEST-LOOP=78.3 ms
[JETSON-GST] CONTROL frame=1236 TEST-LOOP=29.0 ms
[JETSON-GST] CONTROL frame=1250 TEST-LOOP=82.4 ms
[JETSON-GST] CONTROL frame=1260 TEST-LOOP=84.9 ms
[JETSON-GST] CONTROL frame=1276 TEST-LOOP=33.7 ms
[JETSON-GST] CONTROL frame=1290 TEST-LOOP=78.2 ms
[JETSON-GST] CONTROL frame=1300 TEST-LOOP=82.2 ms
[JETSON-GST] CONTROL frame=1316 TEST-LOOP=30.6 ms
[JETSON-GST] CONTROL frame=1326 TEST-LOOP=38.1 ms
[JETSON-GST] CONTROL frame=1340 TEST-LOOP=102.2 ms
[JETSON-GST] CONTROL frame=1356 TEST-LOOP=25.5 ms
[JETSON-GST] CONTROL frame=1366 TEST-LOOP=35.4 ms
[JETSON-GST] CONTROL frame=1376 TEST-LOOP=45.2 ms
[JETSON-GST] CONTROL frame=1390 TEST-LOOP=95.6 ms
[JETSON-GST] CONTROL frame=1406 TEST-LOOP=41.2 ms
[JETSON-GST] CONTROL frame=1420 TEST-LOOP=102.6 ms
[JETSON-GST] CONTROL frame=1436 TEST-LOOP=49.2 ms
[JETSON-GST] CONTROL frame=1450 TEST-LOOP=101.9 ms
[JETSON-GST] CONTROL frame=1466 TEST-LOOP=36.9 ms
[JETSON-GST] CONTROL frame=1476 TEST-LOOP=39.5 ms
[JETSON-GST] CONTROL frame=1490 TEST-LOOP=79.6 ms
[JETSON-GST] CONTROL frame=1506 TEST-LOOP=25.0 ms
[JETSON-GST] CONTROL frame=1516 TEST-LOOP=53.6 ms
[JETSON-GST] CONTROL frame=1530 TEST-LOOP=82.9 ms
[JETSON-GST] CONTROL frame=1546 TEST-LOOP=41.7 ms
[JETSON-GST] CONTROL frame=1560 TEST-LOOP=80.4 ms
[JETSON-GST] CONTROL frame=1576 TEST-LOOP=34.6 ms
[JETSON-GST] CONTROL frame=1586 TEST-LOOP=56.1 ms
[JETSON-GST] CONTROL frame=1600 TEST-LOOP=106.0 ms
[JETSON-GST] CONTROL frame=1612 TEST-LOOP=13.4 ms
[JETSON-GST] CONTROL frame=1626 TEST-LOOP=47.4 ms
[JETSON-GST] CONTROL frame=1640 TEST-LOOP=72.5 ms
[JETSON-GST] CONTROL frame=1650 TEST-LOOP=74.7 ms
[JETSON-GST] CONTROL frame=1660 TEST-LOOP=79.7 ms
[JETSON-GST] CONTROL frame=1670 TEST-LOOP=91.5 ms
[JETSON-GST] CONTROL frame=1686 TEST-LOOP=33.8 ms
[JETSON-GST] CONTROL frame=1700 TEST-LOOP=89.5 ms
[JETSON-GST] CONTROL frame=1710 TEST-LOOP=93.8 ms
[JETSON-GST] CONTROL frame=1722 TEST-LOOP=93.7 ms
[JETSON-GST] CONTROL frame=1736 TEST-LOOP=37.5 ms
[JETSON-GST] CONTROL frame=1746 TEST-LOOP=47.6 ms
[JETSON-GST] CONTROL frame=1760 TEST-LOOP=90.7 ms
[JETSON-GST] CONTROL frame=1776 TEST-LOOP=45.7 ms
[JETSON-GST] CONTROL frame=1786 TEST-LOOP=46.6 ms
[JETSON-GST] CONTROL frame=1796 TEST-LOOP=55.2 ms
[JETSON-GST] CONTROL frame=1810 TEST-LOOP=74.6 ms
[JETSON-GST] CONTROL frame=1820 TEST-LOOP=94.0 ms
[JETSON-GST] CONTROL frame=1830 TEST-LOOP=99.4 ms
[JETSON-GST] CONTROL frame=1840 TEST-LOOP=105.3 ms
[JETSON-GST] CONTROL frame=1856 TEST-LOOP=54.3 ms
[JETSON-GST] CONTROL frame=1866 TEST-LOOP=54.9 ms
[JETSON-GST] CONTROL frame=1876 TEST-LOOP=55.9 ms
[JETSON-GST] CONTROL frame=1886 TEST-LOOP=60.8 ms
[JETSON-GST] CONTROL frame=1900 TEST-LOOP=84.2 ms
[JETSON-GST] CONTROL frame=1910 TEST-LOOP=101.2 ms
[JETSON-GST] CONTROL frame=1920 TEST-LOOP=106.6 ms
[JETSON-GST] CONTROL frame=1934 TEST-LOOP=65.2 ms
[JETSON-GST] CONTROL frame=1948 TEST-LOOP=106.1 ms
[JETSON-GST] CONTROL frame=1964 TEST-LOOP=57.1 ms
[JETSON-GST] CONTROL frame=1978 TEST-LOOP=109.0 ms
[JETSON-GST] CONTROL frame=1994 TEST-LOOP=59.0 ms
[JETSON-GST] CONTROL frame=2008 TEST-LOOP=105.6 ms
[JETSON-GST] CONTROL frame=2018 TEST-LOOP=106.4 ms
[JETSON-GST] CONTROL frame=2036 TEST-LOOP=86.2 ms
[JETSON-GST] CONTROL frame=2050 TEST-LOOP=13.0 ms
[JETSON-GST] CONTROL frame=2064 TEST-LOOP=57.1 ms
[JETSON-GST] CONTROL frame=2078 TEST-LOOP=107.1 ms
[JETSON-GST] CONTROL frame=2088 TEST-LOOP=108.2 ms
[JETSON-GST] CONTROL frame=2104 TEST-LOOP=74.2 ms
[JETSON-GST] CONTROL frame=2118 TEST-LOOP=107.3 ms
[JETSON-GST] CONTROL frame=2134 TEST-LOOP=57.5 ms
[JETSON-GST] CONTROL frame=2146 TEST-LOOP=57.6 ms
[JETSON-GST] CONTROL frame=2160 TEST-LOOP=106.4 ms
[JETSON-GST] CONTROL frame=2176 TEST-LOOP=57.1 ms
[JETSON-GST] CONTROL frame=2190 TEST-LOOP=107.0 ms
[JETSON-GST] CONTROL frame=2206 TEST-LOOP=56.9 ms
[JETSON-GST] CONTROL frame=2220 TEST-LOOP=105.3 ms
[JETSON-GST] CONTROL frame=2236 TEST-LOOP=46.1 ms
[JETSON-GST] CONTROL frame=2248 TEST-LOOP=106.2 ms
[JETSON-GST] CONTROL frame=2262 TEST-LOOP=52.2 ms
[JETSON-GST] CONTROL frame=2276 TEST-LOOP=78.7 ms
[JETSON-GST] CONTROL frame=2286 TEST-LOOP=106.1 ms
[JETSON-GST] CONTROL frame=2302 TEST-LOOP=57.2 ms
[JETSON-GST] CONTROL frame=2316 TEST-LOOP=105.5 ms
[JETSON-GST] CONTROL frame=2332 TEST-LOOP=57.2 ms
[JETSON-GST] CONTROL frame=2342 TEST-LOOP=57.3 ms
[JETSON-GST] CONTROL frame=2356 TEST-LOOP=85.5 ms
[JETSON-GST] CONTROL frame=2366 TEST-LOOP=105.5 ms
[JETSON-GST] CONTROL frame=2382 TEST-LOOP=26.9 ms
[JETSON-GST] CONTROL frame=2392 TEST-LOOP=28.5 ms
[JETSON-GST] CONTROL frame=2402 TEST-LOOP=56.6 ms
[JETSON-GST] CONTROL frame=2416 TEST-LOOP=77.8 ms
[JETSON-GST] CONTROL frame=2432 TEST-LOOP=27.8 ms
[JETSON-GST] CONTROL frame=2442 TEST-LOOP=39.7 ms
[JETSON-GST] CONTROL frame=2452 TEST-LOOP=67.5 ms
[JETSON-GST] CONTROL frame=2466 TEST-LOOP=103.3 ms
[JETSON-GST] CONTROL frame=2482 TEST-LOOP=47.8 ms
[JETSON-GST] CONTROL frame=2492 TEST-LOOP=59.0 ms
[JETSON-GST] CONTROL frame=2506 TEST-LOOP=103.0 ms
[JETSON-GST] CONTROL frame=2516 TEST-LOOP=105.3 ms
[JETSON-GST] CONTROL frame=2532 TEST-LOOP=54.0 ms
[JETSON-GST] CONTROL frame=2546 TEST-LOOP=84.6 ms
[JETSON-GST] CONTROL frame=2562 TEST-LOOP=82.6 ms
[JETSON-GST] CONTROL frame=2576 TEST-LOOP=78.6 ms
[JETSON-GST] CONTROL frame=2586 TEST-LOOP=83.3 ms
[JETSON-GST] CONTROL frame=2602 TEST-LOOP=39.4 ms
[JETSON-GST] CONTROL frame=2616 TEST-LOOP=87.9 ms
[JETSON-GST] CONTROL frame=2632 TEST-LOOP=33.0 ms
[JETSON-GST] CONTROL frame=2642 TEST-LOOP=34.1 ms
[JETSON-GST] CONTROL frame=2652 TEST-LOOP=34.5 ms
[JETSON-GST] CONTROL frame=2666 TEST-LOOP=86.4 ms
[JETSON-GST] CONTROL frame=2676 TEST-LOOP=95.5 ms
[JETSON-GST] CONTROL frame=2692 TEST-LOOP=30.3 ms
[JETSON-GST] CONTROL frame=2706 TEST-LOOP=82.5 ms
[JETSON-GST] CONTROL frame=2716 TEST-LOOP=90.4 ms
[JETSON-GST] CONTROL frame=2732 TEST-LOOP=38.1 ms
[JETSON-GST] CONTROL frame=2746 TEST-LOOP=81.9 ms
[JETSON-GST] CONTROL frame=2766 TEST-LOOP=45.3 ms
[JETSON-GST] CONTROL frame=2776 TEST-LOOP=75.9 ms
[JETSON-GST] CONTROL frame=2792 TEST-LOOP=45.4 ms
[JETSON-GST] CONTROL frame=2806 TEST-LOOP=75.6 ms
[JETSON-GST] CONTROL frame=2816 TEST-LOOP=86.3 ms
[JETSON-GST] CONTROL frame=2832 TEST-LOOP=29.3 ms
[JETSON-GST] CONTROL frame=2846 TEST-LOOP=76.8 ms
[JETSON-GST] CONTROL frame=2856 TEST-LOOP=76.8 ms
[JETSON-GST] CONTROL frame=2868 TEST-LOOP=46.0 ms
[JETSON-GST] CONTROL frame=2882 TEST-LOOP=73.0 ms
[JETSON-GST] CONTROL frame=2898 TEST-LOOP=18.3 ms
[JETSON-GST] CONTROL frame=2908 TEST-LOOP=20.2 ms
[JETSON-GST] CONTROL frame=2918 TEST-LOOP=25.7 ms
[JETSON-GST] CONTROL frame=2932 TEST-LOOP=68.7 ms
[JETSON-GST] CONTROL frame=2942 TEST-LOOP=82.8 ms
[JETSON-GST] CONTROL frame=2958 TEST-LOOP=31.1 ms
[JETSON-GST] CONTROL frame=2972 TEST-LOOP=57.8 ms
[JETSON-GST] CONTROL frame=2982 TEST-LOOP=100.5 ms
[JETSON-GST] CONTROL frame=2998 TEST-LOOP=30.3 ms
[JETSON-GST] CONTROL frame=3008 TEST-LOOP=34.6 ms
[JETSON-GST] CONTROL frame=3018 TEST-LOOP=42.4 ms
[JETSON-GST] CONTROL frame=3028 TEST-LOOP=46.9 ms
[JETSON-GST] CONTROL frame=3042 TEST-LOOP=66.1 ms
[JETSON-GST] CONTROL frame=3052 TEST-LOOP=82.4 ms
[JETSON-GST] CONTROL frame=3068 TEST-LOOP=18.3 ms
[JETSON-GST] CONTROL frame=3078 TEST-LOOP=50.2 ms
[JETSON-GST] CONTROL frame=3092 TEST-LOOP=78.7 ms
[JETSON-GST] CONTROL frame=3102 TEST-LOOP=78.4 ms
[JETSON-GST] CONTROL frame=3112 TEST-LOOP=105.4 ms
[JETSON-GST] CONTROL frame=3128 TEST-LOOP=42.2 ms
[JETSON-GST] CONTROL frame=3138 TEST-LOOP=58.1 ms
[JETSON-GST] CONTROL frame=3152 TEST-LOOP=106.1 ms
[JETSON-GST] CONTROL frame=3162 TEST-LOOP=106.3 ms
[JETSON-GST] CONTROL frame=3182 TEST-LOOP=103.1 ms
[JETSON-GST] CONTROL frame=3198 TEST-LOOP=28.1 ms
[JETSON-GST] CONTROL frame=3208 TEST-LOOP=35.0 ms
[JETSON-GST] CONTROL frame=3222 TEST-LOOP=80.3 ms
[JETSON-GST] CONTROL frame=3232 TEST-LOOP=107.5 ms
[JETSON-GST] CONTROL frame=3248 TEST-LOOP=34.7 ms
[JETSON-GST] CONTROL frame=3258 TEST-LOOP=50.2 ms
[JETSON-GST] CONTROL frame=3272 TEST-LOOP=76.3 ms
[JETSON-GST] CONTROL frame=3284 TEST-LOOP=106.7 ms
[JETSON-GST] CONTROL frame=3298 TEST-LOOP=57.5 ms
[JETSON-GST] CONTROL frame=3312 TEST-LOOP=78.1 ms
[JETSON-GST] CONTROL frame=3322 TEST-LOOP=89.2 ms
[JETSON-GST] CONTROL frame=3338 TEST-LOOP=41.9 ms
[JETSON-GST] CONTROL frame=3352 TEST-LOOP=69.4 ms
[JETSON-GST] CONTROL frame=3362 TEST-LOOP=93.9 ms
[JETSON-GST] CONTROL frame=3372 TEST-LOOP=97.9 ms
[JETSON-GST] CONTROL frame=3390 TEST-LOOP=53.7 ms
[JETSON-GST] CONTROL frame=3402 TEST-LOOP=90.0 ms
[JETSON-GST] CONTROL frame=3412 TEST-LOOP=106.5 ms
[JETSON-GST] CONTROL frame=3428 TEST-LOOP=19.6 ms
[JETSON-GST] CONTROL frame=3438 TEST-LOOP=21.4 ms
[JETSON-GST] CONTROL frame=3448 TEST-LOOP=43.8 ms
[JETSON-GST] CONTROL frame=3462 TEST-LOOP=78.5 ms
[JETSON-GST] CONTROL frame=3478 TEST-LOOP=29.5 ms
[JETSON-GST] CONTROL frame=3496 TEST-LOOP=89.9 ms
[JETSON-GST] CONTROL frame=3508 TEST-LOOP=22.1 ms
[JETSON-GST] CONTROL frame=3518 TEST-LOOP=25.0 ms
[JETSON-GST] CONTROL frame=3528 TEST-LOOP=31.2 ms
[JETSON-GST] CONTROL frame=3538 TEST-LOOP=53.5 ms
[JETSON-GST] CONTROL frame=3552 TEST-LOOP=105.9 ms
[JETSON-GST] CONTROL frame=3568 TEST-LOOP=29.1 ms
[JETSON-GST] CONTROL frame=3578 TEST-LOOP=32.9 ms
[JETSON-GST] CONTROL frame=3588 TEST-LOOP=39.2 ms
[JETSON-GST] CONTROL frame=3602 TEST-LOOP=15.1 ms
[JETSON-GST] CONTROL frame=3612 TEST-LOOP=70.8 ms
[JETSON-GST] CONTROL frame=3622 TEST-LOOP=106.5 ms
[JETSON-GST] CONTROL frame=3638 TEST-LOOP=25.6 ms
[JETSON-GST] CONTROL frame=3648 TEST-LOOP=42.3 ms
[JETSON-GST] CONTROL frame=3658 TEST-LOOP=57.4 ms
[JETSON-GST] CONTROL frame=3672 TEST-LOOP=79.2 ms
[JETSON-GST] CONTROL frame=3682 TEST-LOOP=82.2 ms
[JETSON-GST] CONTROL frame=3692 TEST-LOOP=92.2 ms
[JETSON-GST] CONTROL frame=3704 TEST-LOOP=41.8 ms
[JETSON-GST] CONTROL frame=3718 TEST-LOOP=22.0 ms
[JETSON-GST] CONTROL frame=3728 TEST-LOOP=51.5 ms
[JETSON-GST] CONTROL frame=3742 TEST-LOOP=79.1 ms
[JETSON-GST] CONTROL frame=3752 TEST-LOOP=79.9 ms
[JETSON-GST] CONTROL frame=3768 TEST-LOOP=35.1 ms
[JETSON-GST] CONTROL frame=3778 TEST-LOOP=46.3 ms
[JETSON-GST] CONTROL frame=3788 TEST-LOOP=57.9 ms
[JETSON-GST] CONTROL frame=3808 TEST-LOOP=39.4 ms
[JETSON-GST] CONTROL frame=3822 TEST-LOOP=83.7 ms
[JETSON-GST] CONTROL frame=3832 TEST-LOOP=95.3 ms
[JETSON-GST] CONTROL frame=3848 TEST-LOOP=46.5 ms
[JETSON-GST] CONTROL frame=3862 TEST-LOOP=86.4 ms
[JETSON-GST] CONTROL frame=3878 TEST-LOOP=42.6 ms
[JETSON-GST] CONTROL frame=3892 TEST-LOOP=77.0 ms
[JETSON-GST] CONTROL frame=3902 TEST-LOOP=82.6 ms
[JETSON-GST] CONTROL frame=3912 TEST-LOOP=86.2 ms
[JETSON-GST] CONTROL frame=3922 TEST-LOOP=90.6 ms
[JETSON-GST] CONTROL frame=3932 TEST-LOOP=103.9 ms
[JETSON-GST] CONTROL frame=3948 TEST-LOOP=35.0 ms
[JETSON-GST] CONTROL frame=3962 TEST-LOOP=94.7 ms
[JETSON-GST] CONTROL frame=3978 TEST-LOOP=30.0 ms
[JETSON-GST] CONTROL frame=3992 TEST-LOOP=77.9 ms
[JETSON-GST] CONTROL frame=4008 TEST-LOOP=21.3 ms
[JETSON-GST] CONTROL frame=4018 TEST-LOOP=78.0 ms
[JETSON-GST] CONTROL frame=4034 TEST-LOOP=29.9 ms
[JETSON-GST] CONTROL frame=4048 TEST-LOOP=77.6 ms
[JETSON-GST] CONTROL frame=4058 TEST-LOOP=80.5 ms
[JETSON-GST] CONTROL frame=4068 TEST-LOOP=81.9 ms
[JETSON-GST] CONTROL frame=4084 TEST-LOOP=38.2 ms
[JETSON-GST] CONTROL frame=4098 TEST-LOOP=79.5 ms
[JETSON-GST] CONTROL frame=4108 TEST-LOOP=97.5 ms
[JETSON-GST] CONTROL frame=4120 TEST-LOOP=34.3 ms
[JETSON-GST] CONTROL frame=4134 TEST-LOOP=76.9 ms
[JETSON-GST] CONTROL frame=4150 TEST-LOOP=19.0 ms
[JETSON-GST] CONTROL frame=4160 TEST-LOOP=19.0 ms
[JETSON-GST] CONTROL frame=4170 TEST-LOOP=19.0 ms
[JETSON-GST] CONTROL frame=4184 TEST-LOOP=88.3 ms
[JETSON-GST] CONTROL frame=4200 TEST-LOOP=20.0 ms
[JETSON-GST] CONTROL frame=4210 TEST-LOOP=38.9 ms
[JETSON-GST] CONTROL frame=4226 TEST-LOOP=46.7 ms
[JETSON-GST] CONTROL frame=4240 TEST-LOOP=42.5 ms
[JETSON-GST] CONTROL frame=4250 TEST-LOOP=50.6 ms
[JETSON-GST] CONTROL frame=4264 TEST-LOOP=82.3 ms
[JETSON-GST] CONTROL frame=4274 TEST-LOOP=102.1 ms
[JETSON-GST] CONTROL frame=4290 TEST-LOOP=21.2 ms
[JETSON-GST] CONTROL frame=4300 TEST-LOOP=33.3 ms
[JETSON-GST] CONTROL frame=4310 TEST-LOOP=37.8 ms
[JETSON-GST] CONTROL frame=4320 TEST-LOOP=43.0 ms
[JETSON-GST] CONTROL frame=4330 TEST-LOOP=53.2 ms
[JETSON-GST] CONTROL frame=4344 TEST-LOOP=77.4 ms
[JETSON-GST] CONTROL frame=4354 TEST-LOOP=81.3 ms
[JETSON-GST] CONTROL frame=4364 TEST-LOOP=104.1 ms
[JETSON-GST] CONTROL frame=4380 TEST-LOOP=35.2 ms
[JETSON-GST] CONTROL frame=4390 TEST-LOOP=42.1 ms
[JETSON-GST] CONTROL frame=4404 TEST-LOOP=94.5 ms
[JETSON-GST] CONTROL frame=4420 TEST-LOOP=22.1 ms
[JETSON-GST] CONTROL frame=4430 TEST-LOOP=278.8 ms
[JETSON-GST] CONTROL frame=4444 TEST-LOOP=82.6 ms
[JETSON-GST] CONTROL frame=4456 TEST-LOOP=26.8 ms
[JETSON-GST] CONTROL frame=4470 TEST-LOOP=51.9 ms
[JETSON-GST] CONTROL frame=4480 TEST-LOOP=56.8 ms
[JETSON-GST] CONTROL frame=4494 TEST-LOOP=82.8 ms
[JETSON-GST] CONTROL frame=4504 TEST-LOOP=94.4 ms
[JETSON-GST] CONTROL frame=4516 TEST-LOOP=71.4 ms
[JETSON-GST] CONTROL frame=4530 TEST-LOOP=39.0 ms
[JETSON-GST] CONTROL frame=4544 TEST-LOOP=13.8 ms
[JETSON-GST] CONTROL frame=4554 TEST-LOOP=86.2 ms
[JETSON-GST] CONTROL frame=4570 TEST-LOOP=30.3 ms
[JETSON-GST] CONTROL frame=4580 TEST-LOOP=34.7 ms
[JETSON-GST] CONTROL frame=4594 TEST-LOOP=87.5 ms
[JETSON-GST] CONTROL frame=4610 TEST-LOOP=46.7 ms
[JETSON-GST] CONTROL frame=4624 TEST-LOOP=87.7 ms
[JETSON-GST] CONTROL frame=4640 TEST-LOOP=35.1 ms
[JETSON-GST] CONTROL frame=4654 TEST-LOOP=99.8 ms
[JETSON-GST] CONTROL frame=4670 TEST-LOOP=25.7 ms
[JETSON-GST] CONTROL frame=4680 TEST-LOOP=33.7 ms
[JETSON-GST] CONTROL frame=4690 TEST-LOOP=51.1 ms
[JETSON-GST] CONTROL frame=4704 TEST-LOOP=82.0 ms
[JETSON-GST] CONTROL frame=4714 TEST-LOOP=89.8 ms
[JETSON-GST] CONTROL frame=4730 TEST-LOOP=33.8 ms
[JETSON-GST] CONTROL frame=4744 TEST-LOOP=89.5 ms
[JETSON-GST] CONTROL frame=4760 TEST-LOOP=38.2 ms
[JETSON-GST] CONTROL frame=4770 TEST-LOOP=46.8 ms
[JETSON-GST] CONTROL frame=4784 TEST-LOOP=83.4 ms
[JETSON-GST] CONTROL frame=4800 TEST-LOOP=42.0 ms
[JETSON-GST] CONTROL frame=4814 TEST-LOOP=98.5 ms
[JETSON-GST] CONTROL frame=4830 TEST-LOOP=38.6 ms
[JETSON-GST] CONTROL frame=4844 TEST-LOOP=79.7 ms
[JETSON-GST] CONTROL frame=4856 TEST-LOOP=72.6 ms
[JETSON-GST] CONTROL frame=4870 TEST-LOOP=33.6 ms
[JETSON-GST] CONTROL frame=4880 TEST-LOOP=35.0 ms
[JETSON-GST] CONTROL frame=4894 TEST-LOOP=78.1 ms
[JETSON-GST] CONTROL frame=4910 TEST-LOOP=38.0 ms
[JETSON-GST] CONTROL frame=4924 TEST-LOOP=93.8 ms
[JETSON-GST] CONTROL frame=4940 TEST-LOOP=33.0 ms
[JETSON-GST] CONTROL frame=4954 TEST-LOOP=85.7 ms
[JETSON-GST] CONTROL frame=4970 TEST-LOOP=28.9 ms
[JETSON-GST] CONTROL frame=4980 TEST-LOOP=49.3 ms
[JETSON-GST] CONTROL frame=4994 TEST-LOOP=105.0 ms
[JETSON-GST] CONTROL frame=5010 TEST-LOOP=42.2 ms
[JETSON-GST] CONTROL frame=5024 TEST-LOOP=77.3 ms
[JETSON-GST] CONTROL frame=5034 TEST-LOOP=91.6 ms
[JETSON-GST] CONTROL frame=5050 TEST-LOOP=37.8 ms
[JETSON-GST] CONTROL frame=5068 TEST-LOOP=45.9 ms
[JETSON-GST] CONTROL frame=5080 TEST-LOOP=25.4 ms
[JETSON-GST] CONTROL frame=5090 TEST-LOOP=25.7 ms
[JETSON-GST] CONTROL frame=5100 TEST-LOOP=49.4 ms
[JETSON-GST] CONTROL frame=5110 TEST-LOOP=77.7 ms
[JETSON-GST] CONTROL frame=5126 TEST-LOOP=29.3 ms
[JETSON-GST] CONTROL frame=5140 TEST-LOOP=33.9 ms
[JETSON-GST] CONTROL frame=5154 TEST-LOOP=77.5 ms
[JETSON-GST] CONTROL frame=5164 TEST-LOOP=93.9 ms
[JETSON-GST] CONTROL frame=5178 TEST-LOOP=100.7 ms
[JETSON-GST] CONTROL frame=5194 TEST-LOOP=46.1 ms
[JETSON-GST] CONTROL frame=5208 TEST-LOOP=84.6 ms
[JETSON-GST] CONTROL frame=5224 TEST-LOOP=43.2 ms
[JETSON-GST] CONTROL frame=5238 TEST-LOOP=82.2 ms
[JETSON-GST] CONTROL frame=5250 TEST-LOOP=12.7 ms
[JETSON-GST] CONTROL frame=5264 TEST-LOOP=35.3 ms
[JETSON-GST] CONTROL frame=5276 TEST-LOOP=61.4 ms
[JETSON-GST] CONTROL frame=5288 TEST-LOOP=103.8 ms
[JETSON-GST] CONTROL frame=5304 TEST-LOOP=55.3 ms
[JETSON-GST] CONTROL frame=5318 TEST-LOOP=86.5 ms
[JETSON-GST] CONTROL frame=5328 TEST-LOOP=99.5 ms
[JETSON-GST] CONTROL frame=5344 TEST-LOOP=34.3 ms
[JETSON-GST] CONTROL frame=5358 TEST-LOOP=89.1 ms
[JETSON-GST] CONTROL frame=5368 TEST-LOOP=95.3 ms
[JETSON-GST] CONTROL frame=5380 TEST-LOOP=98.7 ms
[JETSON-GST] CONTROL frame=5396 TEST-LOOP=64.7 ms
[JETSON-GST] CONTROL frame=5410 TEST-LOOP=71.0 ms
[JETSON-GST] CONTROL frame=5420 TEST-LOOP=80.8 ms
[JETSON-GST] CONTROL frame=5438 TEST-LOOP=82.0 ms
[JETSON-GST] CONTROL frame=5450 TEST-LOOP=69.5 ms
[JETSON-GST] CONTROL frame=5466 TEST-LOOP=43.9 ms
[JETSON-GST] CONTROL frame=5480 TEST-LOOP=82.1 ms
[JETSON-GST] CONTROL frame=5490 TEST-LOOP=82.0 ms
[JETSON-GST] CONTROL frame=5500 TEST-LOOP=85.9 ms
[JETSON-GST] CONTROL frame=5510 TEST-LOOP=86.8 ms
[JETSON-GST] CONTROL frame=5526 TEST-LOOP=29.8 ms
[JETSON-GST] CONTROL frame=5536 TEST-LOOP=33.8 ms
[JETSON-GST] CONTROL frame=5546 TEST-LOOP=34.7 ms
[JETSON-GST] CONTROL frame=5560 TEST-LOOP=81.1 ms
[JETSON-GST] CONTROL frame=5570 TEST-LOOP=82.9 ms
[JETSON-GST] CONTROL frame=5580 TEST-LOOP=84.9 ms
[JETSON-GST] CONTROL frame=5592 TEST-LOOP=37.9 ms
[JETSON-GST] CONTROL frame=5606 TEST-LOOP=31.0 ms
[JETSON-GST] CONTROL frame=5616 TEST-LOOP=53.6 ms
[JETSON-GST] CONTROL frame=5630 TEST-LOOP=85.8 ms
[JETSON-GST] CONTROL frame=5646 TEST-LOOP=34.1 ms
[JETSON-GST] CONTROL frame=5660 TEST-LOOP=96.4 ms
[JETSON-GST] CONTROL frame=5676 TEST-LOOP=32.9 ms
[JETSON-GST] CONTROL frame=5686 TEST-LOOP=36.8 ms
[JETSON-GST] CONTROL frame=5700 TEST-LOOP=97.7 ms
[JETSON-GST] CONTROL frame=5716 TEST-LOOP=26.5 ms
[JETSON-GST] CONTROL frame=5726 TEST-LOOP=30.1 ms
[JETSON-GST] CONTROL frame=5740 TEST-LOOP=86.7 ms
[JETSON-GST] CONTROL frame=5756 TEST-LOOP=34.2 ms
[JETSON-GST] CONTROL frame=5770 TEST-LOOP=81.5 ms
[JETSON-GST] CONTROL frame=5780 TEST-LOOP=92.2 ms
[JETSON-GST] CONTROL frame=5798 TEST-LOOP=37.2 ms
[JETSON-GST] CONTROL frame=5810 TEST-LOOP=81.5 ms
[JETSON-GST] CONTROL frame=5820 TEST-LOOP=82.4 ms
[JETSON-GST] CONTROL frame=5830 TEST-LOOP=82.2 ms
[JETSON-GST] CONTROL frame=5840 TEST-LOOP=90.6 ms
[JETSON-GST] CONTROL frame=5856 TEST-LOOP=37.1 ms
[JETSON-GST] CONTROL frame=5870 TEST-LOOP=79.7 ms
[JETSON-GST] CONTROL frame=5880 TEST-LOOP=90.7 ms
[JETSON-GST] CONTROL frame=5890 TEST-LOOP=96.4 ms
[JETSON-GST] CONTROL frame=5902 TEST-LOOP=101.2 ms
[JETSON-GST] CONTROL frame=5916 TEST-LOOP=30.2 ms
[JETSON-GST] CONTROL frame=5930 TEST-LOOP=77.3 ms
[JETSON-GST] CONTROL frame=5946 TEST-LOOP=25.3 ms
[JETSON-GST] CONTROL frame=5956 TEST-LOOP=33.6 ms
[JETSON-GST] CONTROL frame=5966 TEST-LOOP=34.1 ms
[JETSON-GST] CONTROL frame=5980 TEST-LOOP=78.2 ms
[JETSON-GST] CONTROL frame=5990 TEST-LOOP=82.7 ms
[JETSON-GST] CONTROL frame=6010 TEST-LOOP=29.2 ms
[JETSON-GST] CONTROL frame=6020 TEST-LOOP=82.8 ms
[JETSON-GST] CONTROL frame=6030 TEST-LOOP=87.1 ms
[JETSON-GST] CONTROL frame=6040 TEST-LOOP=91.4 ms
[JETSON-GST] CONTROL frame=6056 TEST-LOOP=38.8 ms
[JETSON-GST] CONTROL frame=6066 TEST-LOOP=48.8 ms
[JETSON-GST] CONTROL frame=6080 TEST-LOOP=81.5 ms
[JETSON-GST] CONTROL frame=6090 TEST-LOOP=90.1 ms
[JETSON-GST] CONTROL frame=6106 TEST-LOOP=32.7 ms
[JETSON-GST] CONTROL frame=6116 TEST-LOOP=37.6 ms
[JETSON-GST] CONTROL frame=6130 TEST-LOOP=77.9 ms
[JETSON-GST] CONTROL frame=6140 TEST-LOOP=77.5 ms
[JETSON-GST] CONTROL frame=6150 TEST-LOOP=82.1 ms
[JETSON-GST] CONTROL frame=6160 TEST-LOOP=83.9 ms
[JETSON-GST] CONTROL frame=6176 TEST-LOOP=41.6 ms
[JETSON-GST] CONTROL frame=6190 TEST-LOOP=82.0 ms
[JETSON-GST] CONTROL frame=6200 TEST-LOOP=86.0 ms
[JETSON-GST] CONTROL frame=6216 TEST-LOOP=73.5 ms
[JETSON-GST] CONTROL frame=6230 TEST-LOOP=85.8 ms
[JETSON-GST] CONTROL frame=6246 TEST-LOOP=34.1 ms
[JETSON-GST] CONTROL frame=6260 TEST-LOOP=82.5 ms
[JETSON-GST] CONTROL frame=6270 TEST-LOOP=97.7 ms
[JETSON-GST] CONTROL frame=6286 TEST-LOOP=30.3 ms
[JETSON-GST] CONTROL frame=6300 TEST-LOOP=80.9 ms
[JETSON-GST] CONTROL frame=6320 TEST-LOOP=87.3 ms
[JETSON-GST] CONTROL frame=6330 TEST-LOOP=95.0 ms
[JETSON-GST] CONTROL frame=6346 TEST-LOOP=33.7 ms
[JETSON-GST] CONTROL frame=6356 TEST-LOOP=46.4 ms
[JETSON-GST] CONTROL frame=6370 TEST-LOOP=92.0 ms
[JETSON-GST] CONTROL frame=6386 TEST-LOOP=39.1 ms
[JETSON-GST] CONTROL frame=6396 TEST-LOOP=53.0 ms
[JETSON-GST] CONTROL frame=6410 TEST-LOOP=86.6 ms
[JETSON-GST] CONTROL frame=6424 TEST-LOOP=105.2 ms
[JETSON-GST] CONTROL frame=6438 TEST-LOOP=65.3 ms
[JETSON-GST] CONTROL frame=6450 TEST-LOOP=77.4 ms
[JETSON-GST] CONTROL frame=6466 TEST-LOOP=30.0 ms
[JETSON-GST] CONTROL frame=6476 TEST-LOOP=50.6 ms
[JETSON-GST] CONTROL frame=6490 TEST-LOOP=86.7 ms
[JETSON-GST] CONTROL frame=6500 TEST-LOOP=87.9 ms
[JETSON-GST] CONTROL frame=6510 TEST-LOOP=94.9 ms
[JETSON-GST] CONTROL frame=6530 TEST-LOOP=26.2 ms
[JETSON-GST] CONTROL frame=6542 TEST-LOOP=95.6 ms
[JETSON-GST] CONTROL frame=6552 TEST-LOOP=104.9 ms
[JETSON-GST] CONTROL frame=6568 TEST-LOOP=50.9 ms
[JETSON-GST] CONTROL frame=6582 TEST-LOOP=94.2 ms
[JETSON-GST] CONTROL frame=6598 TEST-LOOP=47.8 ms
[JETSON-GST] CONTROL frame=6612 TEST-LOOP=94.0 ms
[JETSON-GST] CONTROL frame=6628 TEST-LOOP=34.3 ms
[JETSON-GST] CONTROL frame=6638 TEST-LOOP=51.8 ms
[JETSON-GST] CONTROL frame=6652 TEST-LOOP=84.1 ms
[JETSON-GST] CONTROL frame=6668 TEST-LOOP=28.8 ms
[JETSON-GST] CONTROL frame=6682 TEST-LOOP=81.7 ms
[JETSON-GST] CONTROL frame=6692 TEST-LOOP=81.9 ms
[JETSON-GST] CONTROL frame=6708 TEST-LOOP=20.2 ms
[JETSON-GST] CONTROL frame=6718 TEST-LOOP=22.7 ms
[JETSON-GST] CONTROL frame=6728 TEST-LOOP=29.3 ms
[JETSON-GST] CONTROL frame=6738 TEST-LOOP=85.1 ms
[JETSON-GST] CONTROL frame=6752 TEST-LOOP=76.3 ms
[JETSON-GST] CONTROL frame=6768 TEST-LOOP=38.1 ms
[JETSON-GST] CONTROL frame=6782 TEST-LOOP=79.1 ms
[JETSON-GST] CONTROL frame=6792 TEST-LOOP=85.4 ms
[JETSON-GST] CONTROL frame=6808 TEST-LOOP=37.8 ms
[JETSON-GST] CONTROL frame=6818 TEST-LOOP=41.1 ms
[JETSON-GST] CONTROL frame=6828 TEST-LOOP=45.4 ms
[JETSON-GST] CONTROL frame=6842 TEST-LOOP=106.0 ms
[JETSON-GST] CONTROL frame=6858 TEST-LOOP=37.4 ms
[JETSON-GST] CONTROL frame=6868 TEST-LOOP=41.2 ms
[JETSON-GST] CONTROL frame=6882 TEST-LOOP=78.5 ms
[JETSON-GST] CONTROL frame=6892 TEST-LOOP=87.0 ms
[JETSON-GST] CONTROL frame=6908 TEST-LOOP=54.7 ms
[JETSON-GST] CONTROL frame=6922 TEST-LOOP=79.5 ms
[JETSON-GST] CONTROL frame=6932 TEST-LOOP=82.2 ms
[JETSON-GST] CONTROL frame=6948 TEST-LOOP=14.8 ms
[JETSON-GST] CONTROL frame=6958 TEST-LOOP=57.6 ms
[JETSON-GST] CONTROL frame=6972 TEST-LOOP=85.3 ms
[JETSON-GST] CONTROL frame=6988 TEST-LOOP=34.0 ms
[JETSON-GST] CONTROL frame=7002 TEST-LOOP=102.1 ms
[JETSON-GST] CONTROL frame=7018 TEST-LOOP=31.3 ms
[JETSON-GST] CONTROL frame=7028 TEST-LOOP=38.8 ms
[JETSON-GST] CONTROL frame=7038 TEST-LOOP=53.9 ms
[JETSON-GST] CONTROL frame=7050 TEST-LOOP=51.2 ms
[JETSON-GST] CONTROL frame=7064 TEST-LOOP=47.0 ms
[JETSON-GST] CONTROL frame=7078 TEST-LOOP=97.9 ms
[JETSON-GST] CONTROL frame=7094 TEST-LOOP=49.9 ms
[JETSON-GST] CONTROL frame=7108 TEST-LOOP=91.9 ms
[JETSON-GST] CONTROL frame=7124 TEST-LOOP=52.8 ms
[JETSON-GST] CONTROL frame=7138 TEST-LOOP=102.1 ms
[JETSON-GST] CONTROL frame=7154 TEST-LOOP=58.6 ms
[JETSON-GST] CONTROL frame=7168 TEST-LOOP=101.7 ms
[JETSON-GST] CONTROL frame=7178 TEST-LOOP=104.8 ms
[JETSON-GST] CONTROL frame=7194 TEST-LOOP=45.9 ms
[JETSON-GST] CONTROL frame=7208 TEST-LOOP=82.8 ms
[JETSON-GST] CONTROL frame=7218 TEST-LOOP=84.2 ms
[JETSON-GST] CONTROL frame=7234 TEST-LOOP=40.7 ms
[JETSON-GST] CONTROL frame=7248 TEST-LOOP=82.7 ms
[JETSON-GST] CONTROL frame=7258 TEST-LOOP=85.9 ms
[JETSON-GST] CONTROL frame=7274 TEST-LOOP=27.2 ms
[JETSON-GST] CONTROL frame=7284 TEST-LOOP=40.2 ms
[JETSON-GST] CONTROL frame=7298 TEST-LOOP=78.0 ms
[JETSON-GST] CONTROL frame=7308 TEST-LOOP=99.9 ms
[JETSON-GST] CONTROL frame=7324 TEST-LOOP=34.7 ms
[JETSON-GST] CONTROL frame=7334 TEST-LOOP=47.3 ms
[JETSON-GST] CONTROL frame=7344 TEST-LOOP=48.0 ms
[JETSON-GST] CONTROL frame=7364 TEST-LOOP=12.3 ms
[JETSON-GST] CONTROL frame=7374 TEST-LOOP=46.6 ms
[JETSON-GST] CONTROL frame=7388 TEST-LOOP=87.9 ms
[JETSON-GST] CONTROL frame=7398 TEST-LOOP=98.8 ms
[JETSON-GST] CONTROL frame=7408 TEST-LOOP=105.1 ms
[JETSON-GST] CONTROL frame=7424 TEST-LOOP=46.7 ms
[JETSON-GST] CONTROL frame=7438 TEST-LOOP=81.9 ms
[JETSON-GST] CONTROL frame=7454 TEST-LOOP=22.0 ms
[JETSON-GST] CONTROL frame=7468 TEST-LOOP=54.6 ms
[JETSON-GST] CONTROL frame=7478 TEST-LOOP=90.1 ms
[JETSON-GST] CONTROL frame=7488 TEST-LOOP=90.5 ms
[JETSON-GST] CONTROL frame=7498 TEST-LOOP=94.2 ms
[JETSON-GST] CONTROL frame=7508 TEST-LOOP=105.5 ms
[JETSON-GST] CONTROL frame=7524 TEST-LOOP=34.9 ms
[JETSON-GST] CONTROL frame=7538 TEST-LOOP=82.0 ms
[JETSON-GST] CONTROL frame=7554 TEST-LOOP=29.3 ms
[JETSON-GST] CONTROL frame=7564 TEST-LOOP=38.2 ms
[JETSON-GST] CONTROL frame=7578 TEST-LOOP=77.6 ms
[JETSON-GST] CONTROL frame=7588 TEST-LOOP=85.2 ms
[JETSON-GST] CONTROL frame=7604 TEST-LOOP=29.3 ms
[JETSON-GST] CONTROL frame=7618 TEST-LOOP=77.3 ms
[JETSON-GST] CONTROL frame=7634 TEST-LOOP=29.9 ms
[JETSON-GST] CONTROL frame=7648 TEST-LOOP=77.3 ms
[JETSON-GST] CONTROL frame=7658 TEST-LOOP=77.8 ms
[JETSON-GST] CONTROL frame=7676 TEST-LOOP=77.9 ms
[JETSON-GST] CONTROL frame=7688 TEST-LOOP=82.7 ms
[JETSON-GST] CONTROL frame=7704 TEST-LOOP=26.0 ms
[JETSON-GST] CONTROL frame=7718 TEST-LOOP=77.3 ms
[JETSON-GST] CONTROL frame=7728 TEST-LOOP=86.8 ms
[JETSON-GST] CONTROL frame=7738 TEST-LOOP=102.3 ms
[JETSON-GST] CONTROL frame=7754 TEST-LOOP=35.8 ms
[JETSON-GST] CONTROL frame=7764 TEST-LOOP=38.4 ms
[JETSON-GST] CONTROL frame=7774 TEST-LOOP=48.4 ms
[JETSON-GST] CONTROL frame=7784 TEST-LOOP=77.4 ms
[JETSON-GST] CONTROL frame=7794 TEST-LOOP=79.9 ms
[JETSON-GST] CONTROL frame=7804 TEST-LOOP=83.5 ms
[JETSON-GST] CONTROL frame=7814 TEST-LOOP=90.4 ms
[JETSON-GST] CONTROL frame=7830 TEST-LOOP=35.9 ms
[JETSON-GST] CONTROL frame=7844 TEST-LOOP=76.1 ms
[JETSON-GST] CONTROL frame=7854 TEST-LOOP=78.0 ms
[JETSON-GST] CONTROL frame=7864 TEST-LOOP=82.3 ms
[JETSON-GST] CONTROL frame=7884 TEST-LOOP=10.4 ms
[JETSON-GST] CONTROL frame=7894 TEST-LOOP=75.8 ms
[JETSON-GST] CONTROL frame=7904 TEST-LOOP=98.7 ms
[JETSON-GST] CONTROL frame=7920 TEST-LOOP=24.3 ms
[JETSON-GST] CONTROL frame=7934 TEST-LOOP=68.1 ms
[JETSON-GST] CONTROL frame=7944 TEST-LOOP=72.6 ms
[JETSON-GST] CONTROL frame=7960 TEST-LOOP=28.5 ms
[JETSON-GST] CONTROL frame=7974 TEST-LOOP=72.6 ms
[JETSON-GST] CONTROL frame=7990 TEST-LOOP=36.4 ms
[JETSON-GST] CONTROL frame=8004 TEST-LOOP=81.7 ms
[JETSON-GST] CONTROL frame=8020 TEST-LOOP=30.3 ms
[JETSON-GST] CONTROL frame=8030 TEST-LOOP=34.0 ms
[JETSON-GST] CONTROL frame=8044 TEST-LOOP=80.1 ms
[JETSON-GST] CONTROL frame=8060 TEST-LOOP=45.6 ms
[JETSON-GST] CONTROL frame=8074 TEST-LOOP=99.9 ms
[JETSON-GST] CONTROL frame=8084 TEST-LOOP=103.2 ms
[JETSON-GST] CONTROL frame=8100 TEST-LOOP=56.4 ms
[JETSON-GST] CONTROL frame=8116 TEST-LOOP=10.8 ms
[JETSON-GST] CONTROL frame=8130 TEST-LOOP=58.3 ms
[JETSON-GST] CONTROL frame=8144 TEST-LOOP=86.3 ms
[JETSON-GST] CONTROL frame=8160 TEST-LOOP=33.6 ms
[JETSON-GST] CONTROL frame=8170 TEST-LOOP=38.4 ms
[JETSON-GST] CONTROL frame=8184 TEST-LOOP=94.5 ms
[JETSON-GST] CONTROL frame=8198 TEST-LOOP=90.0 ms
[JETSON-GST] CONTROL frame=8212 TEST-LOOP=34.1 ms
[JETSON-GST] CONTROL frame=8226 TEST-LOOP=84.5 ms
[JETSON-GST] CONTROL frame=8242 TEST-LOOP=30.2 ms
[JETSON-GST] CONTROL frame=8252 TEST-LOOP=34.1 ms
[JETSON-GST] CONTROL frame=8266 TEST-LOOP=91.4 ms
[JETSON-GST] CONTROL frame=8276 TEST-LOOP=94.1 ms
[JETSON-GST] CONTROL frame=8292 TEST-LOOP=32.4 ms
[JETSON-GST] CONTROL frame=8302 TEST-LOOP=35.6 ms
[JETSON-GST] CONTROL frame=8312 TEST-LOOP=35.6 ms
[JETSON-GST] CONTROL frame=8326 TEST-LOOP=76.6 ms
[JETSON-GST] CONTROL frame=8336 TEST-LOOP=80.8 ms
[JETSON-GST] CONTROL frame=8352 TEST-LOOP=31.0 ms
[JETSON-GST] CONTROL frame=8366 TEST-LOOP=78.9 ms
[JETSON-GST] CONTROL frame=8382 TEST-LOOP=30.3 ms
[JETSON-GST] CONTROL frame=8392 TEST-LOOP=33.4 ms
[JETSON-GST] CONTROL frame=8408 TEST-LOOP=30.0 ms
[JETSON-GST] CONTROL frame=8422 TEST-LOOP=38.8 ms
[JETSON-GST] CONTROL frame=8436 TEST-LOOP=83.7 ms
[JETSON-GST] CONTROL frame=8446 TEST-LOOP=86.1 ms
[JETSON-GST] CONTROL frame=8456 TEST-LOOP=87.7 ms
[JETSON-GST] CONTROL frame=8472 TEST-LOOP=37.9 ms
[JETSON-GST] CONTROL frame=8486 TEST-LOOP=76.2 ms
[JETSON-GST] CONTROL frame=8496 TEST-LOOP=76.2 ms
[JETSON-GST] CONTROL frame=8512 TEST-LOOP=78.7 ms
[JETSON-GST] CONTROL frame=8526 TEST-LOOP=97.1 ms
[JETSON-GST] CONTROL frame=8542 TEST-LOOP=29.1 ms
[JETSON-GST] CONTROL frame=8552 TEST-LOOP=30.4 ms
[JETSON-GST] CONTROL frame=8562 TEST-LOOP=36.6 ms
[JETSON-GST] CONTROL frame=8572 TEST-LOOP=48.6 ms
[JETSON-GST] CONTROL frame=8586 TEST-LOOP=81.3 ms
[JETSON-GST] CONTROL frame=8602 TEST-LOOP=32.5 ms
[JETSON-GST] CONTROL frame=8614 TEST-LOOP=68.1 ms
[JETSON-GST] CONTROL frame=8626 TEST-LOOP=78.3 ms
[JETSON-GST] CONTROL frame=8642 TEST-LOOP=25.2 ms
[JETSON-GST] CONTROL frame=8652 TEST-LOOP=33.5 ms
[JETSON-GST] CONTROL frame=8662 TEST-LOOP=55.1 ms
[JETSON-GST] CONTROL frame=8676 TEST-LOOP=75.5 ms
[JETSON-GST] CONTROL frame=8686 TEST-LOOP=79.7 ms
[JETSON-GST] CONTROL frame=8702 TEST-LOOP=28.7 ms
[JETSON-GST] CONTROL frame=8718 TEST-LOOP=98.5 ms
[JETSON-GST] CONTROL frame=8732 TEST-LOOP=35.7 ms
[JETSON-GST] CONTROL frame=8746 TEST-LOOP=79.3 ms
[JETSON-GST] CONTROL frame=8762 TEST-LOOP=34.7 ms
[JETSON-GST] CONTROL frame=8776 TEST-LOOP=76.8 ms
[JETSON-GST] CONTROL frame=8786 TEST-LOOP=79.2 ms
[JETSON-GST] CONTROL frame=8796 TEST-LOOP=82.5 ms
[JETSON-GST] CONTROL frame=8806 TEST-LOOP=83.2 ms
[JETSON-GST] CONTROL frame=8824 TEST-LOOP=23.0 ms
[JETSON-GST] CONTROL frame=8836 TEST-LOOP=80.2 ms
[JETSON-GST] CONTROL frame=8852 TEST-LOOP=28.1 ms
[JETSON-GST] CONTROL frame=8862 TEST-LOOP=31.5 ms
[JETSON-GST] CONTROL frame=8876 TEST-LOOP=77.0 ms
[JETSON-GST] CONTROL frame=8886 TEST-LOOP=78.2 ms
[JETSON-GST] CONTROL frame=8902 TEST-LOOP=35.5 ms
[JETSON-GST] CONTROL frame=8916 TEST-LOOP=105.0 ms
[JETSON-GST] CONTROL frame=8928 TEST-LOOP=42.2 ms
[JETSON-GST] CONTROL frame=8942 TEST-LOOP=29.0 ms
[JETSON-GST] CONTROL frame=8952 TEST-LOOP=31.8 ms
[JETSON-GST] CONTROL frame=8966 TEST-LOOP=76.0 ms
[JETSON-GST] CONTROL frame=8982 TEST-LOOP=27.3 ms
[JETSON-GST] CONTROL frame=8992 TEST-LOOP=29.0 ms
[JETSON-GST] CONTROL frame=9002 TEST-LOOP=35.6 ms
[JETSON-GST] CONTROL frame=9016 TEST-LOOP=78.1 ms
[JETSON-GST] CONTROL frame=9032 TEST-LOOP=70.9 ms
[JETSON-GST] CONTROL frame=9046 TEST-LOOP=106.6 ms
[JETSON-GST] CONTROL frame=9062 TEST-LOOP=36.6 ms
[JETSON-GST] CONTROL frame=9076 TEST-LOOP=103.5 ms
[JETSON-GST] CONTROL frame=9092 TEST-LOOP=26.4 ms
[JETSON-GST] CONTROL frame=9102 TEST-LOOP=39.8 ms
[JETSON-GST] CONTROL frame=9116 TEST-LOOP=105.5 ms
[JETSON-GST] CONTROL frame=9126 TEST-LOOP=106.8 ms
[JETSON-GST] CONTROL frame=9138 TEST-LOOP=106.1 ms
[JETSON-GST] CONTROL frame=9154 TEST-LOOP=30.9 ms
[JETSON-GST] CONTROL frame=9164 TEST-LOOP=31.0 ms
[JETSON-GST] CONTROL frame=9174 TEST-LOOP=35.4 ms
[JETSON-GST] CONTROL frame=9188 TEST-LOOP=69.3 ms
[JETSON-GST] CONTROL frame=9204 TEST-LOOP=38.9 ms
[JETSON-GST] CONTROL frame=9218 TEST-LOOP=71.4 ms
[JETSON-GST] CONTROL frame=9228 TEST-LOOP=74.2 ms
[JETSON-GST] CONTROL frame=9240 TEST-LOOP=107.2 ms
[JETSON-GST] CONTROL frame=9254 TEST-LOOP=55.0 ms
[JETSON-GST] CONTROL frame=9264 TEST-LOOP=60.8 ms
[JETSON-GST] CONTROL frame=9278 TEST-LOOP=89.0 ms
[JETSON-GST] CONTROL frame=9294 TEST-LOOP=55.1 ms
[JETSON-GST] CONTROL frame=9308 TEST-LOOP=82.6 ms
[JETSON-GST] CONTROL frame=9324 TEST-LOOP=48.7 ms
[JETSON-GST] CONTROL frame=9338 TEST-LOOP=91.2 ms
[JETSON-GST] CONTROL frame=9354 TEST-LOOP=52.1 ms
[JETSON-GST] CONTROL frame=9368 TEST-LOOP=84.1 ms
[JETSON-GST] CONTROL frame=9378 TEST-LOOP=85.2 ms
[JETSON-GST] CONTROL frame=9388 TEST-LOOP=101.5 ms
[JETSON-GST] CONTROL frame=9404 TEST-LOOP=47.6 ms
[JETSON-GST] CONTROL frame=9418 TEST-LOOP=82.3 ms
[JETSON-GST] CONTROL frame=9434 TEST-LOOP=37.7 ms
[JETSON-GST] CONTROL frame=9450 TEST-LOOP=54.9 ms
[JETSON-GST] CONTROL frame=9464 TEST-LOOP=35.4 ms
[JETSON-GST] CONTROL frame=9474 TEST-LOOP=41.5 ms
[JETSON-GST] CONTROL frame=9484 TEST-LOOP=41.5 ms
[JETSON-GST] CONTROL frame=9494 TEST-LOOP=41.8 ms
[JETSON-GST] CONTROL frame=9508 TEST-LOOP=94.5 ms
[JETSON-GST] CONTROL frame=9524 TEST-LOOP=52.0 ms
[JETSON-GST] CONTROL frame=9538 TEST-LOOP=74.8 ms
[JETSON-GST] CONTROL frame=9554 TEST-LOOP=76.1 ms
[JETSON-GST] CONTROL frame=9568 TEST-LOOP=76.2 ms
[JETSON-GST] CONTROL frame=9584 TEST-LOOP=27.4 ms
[JETSON-GST] CONTROL frame=9594 TEST-LOOP=37.7 ms
[JETSON-GST] CONTROL frame=9608 TEST-LOOP=95.0 ms
[JETSON-GST] CONTROL frame=9618 TEST-LOOP=103.9 ms
[JETSON-GST] CONTROL frame=9634 TEST-LOOP=37.3 ms
[JETSON-GST] CONTROL frame=9644 TEST-LOOP=42.4 ms
[JETSON-GST] CONTROL frame=9656 TEST-LOOP=107.4 ms
[JETSON-GST] CONTROL frame=9668 TEST-LOOP=87.8 ms
[JETSON-GST] CONTROL frame=9678 TEST-LOOP=91.8 ms
[JETSON-GST] CONTROL frame=9694 TEST-LOOP=29.6 ms
[JETSON-GST] CONTROL frame=9704 TEST-LOOP=33.1 ms
0:08:05.645539180 11694   0x7f58001450 WARN          dtlsconnection gstdtlsconnection.c:348:handle_timeout:<GstDtlsConnection@0x23281a90> handling timeout failed
[JETSON-GST] CONTROL frame=9718 TEST-LOOP=89.4 ms
[JETSON-GST] CONTROL frame=9728 TEST-LOOP=106.7 ms
[JETSON-GST] CONTROL frame=9744 TEST-LOOP=34.2 ms
[JETSON-GST] CONTROL frame=9754 TEST-LOOP=45.1 ms
[JETSON-GST] CONTROL frame=9764 TEST-LOOP=51.0 ms
[JETSON-GST] CONTROL frame=9778 TEST-LOOP=87.1 ms
[JETSON-GST] CONTROL frame=9788 TEST-LOOP=95.3 ms
[JETSON-GST] CONTROL frame=9804 TEST-LOOP=25.4 ms
[JETSON-GST] CONTROL frame=9814 TEST-LOOP=35.9 ms
[JETSON-GST] CONTROL frame=9824 TEST-LOOP=41.1 ms
[JETSON-GST] CONTROL frame=9838 TEST-LOOP=77.7 ms
[JETSON-GST] CONTROL frame=9848 TEST-LOOP=104.5 ms
[JETSON-GST] CONTROL frame=9866 TEST-LOOP=56.6 ms
[JETSON-GST] CONTROL frame=9880 TEST-LOOP=79.9 ms
[JETSON-GST] CONTROL frame=9890 TEST-LOOP=99.0 ms
[JETSON-GST] CONTROL frame=9906 TEST-LOOP=42.7 ms
[JETSON-GST] CONTROL frame=9916 TEST-LOOP=55.4 ms
[JETSON-GST] CONTROL frame=9930 TEST-LOOP=93.1 ms
[JETSON-GST] CONTROL frame=9946 TEST-LOOP=44.2 ms
[JETSON-GST] CONTROL frame=9956 TEST-LOOP=53.6 ms
[JETSON-GST] CONTROL frame=9968 TEST-LOOP=60.5 ms
[JETSON-GST] CONTROL frame=9980 TEST-LOOP=91.2 ms
[JETSON-GST] CONTROL frame=9990 TEST-LOOP=92.0 ms
[JETSON-GST] CONTROL frame=10006 TEST-LOOP=39.3 ms
[JETSON-GST] CONTROL frame=10016 TEST-LOOP=57.3 ms
[JETSON-GST] CONTROL frame=10030 TEST-LOOP=89.9 ms
[JETSON-GST] CONTROL frame=10040 TEST-LOOP=99.8 ms
[JETSON-GST] CONTROL frame=10056 TEST-LOOP=34.0 ms
[JETSON-GST] CONTROL frame=10066 TEST-LOOP=46.0 ms
[JETSON-GST] CONTROL frame=10078 TEST-LOOP=22.0 ms
[JETSON-GST] CONTROL frame=10088 TEST-LOOP=40.4 ms
[JETSON-GST] CONTROL frame=10102 TEST-LOOP=86.9 ms
[JETSON-GST] CONTROL frame=10112 TEST-LOOP=89.9 ms
[JETSON-GST] CONTROL frame=10128 TEST-LOOP=33.6 ms
[JETSON-GST] CONTROL frame=10142 TEST-LOOP=76.6 ms
[JETSON-GST] CONTROL frame=10152 TEST-LOOP=78.2 ms
[JETSON-GST] CONTROL frame=10162 TEST-LOOP=102.8 ms
[JETSON-GST] CONTROL frame=10178 TEST-LOOP=13.9 ms
[JETSON-GST] CONTROL frame=10188 TEST-LOOP=38.8 ms
[JETSON-GST] CONTROL frame=10202 TEST-LOOP=83.0 ms
[JETSON-GST] CONTROL frame=10218 TEST-LOOP=30.5 ms
[JETSON-GST] CONTROL frame=10228 TEST-LOOP=36.0 ms
[JETSON-GST] CONTROL frame=10242 TEST-LOOP=86.2 ms
[JETSON-GST] CONTROL frame=10258 TEST-LOOP=34.3 ms
[JETSON-GST] CONTROL frame=10268 TEST-LOOP=38.0 ms
[JETSON-GST] CONTROL frame=10282 TEST-LOOP=23.2 ms
[JETSON-GST] CONTROL frame=10292 TEST-LOOP=69.4 ms
[JETSON-GST] CONTROL frame=10302 TEST-LOOP=83.0 ms
[JETSON-GST] CONTROL frame=10312 TEST-LOOP=86.1 ms
[JETSON-GST] CONTROL frame=10322 TEST-LOOP=106.5 ms
[JETSON-GST] CONTROL frame=10338 TEST-LOOP=38.0 ms
[JETSON-GST] CONTROL frame=10352 TEST-LOOP=87.5 ms
[JETSON-GST] CONTROL frame=10368 TEST-LOOP=31.2 ms
[JETSON-GST] CONTROL frame=10378 TEST-LOOP=38.8 ms
[JETSON-GST] CONTROL frame=10392 TEST-LOOP=83.7 ms
[JETSON-GST] CONTROL frame=10408 TEST-LOOP=33.1 ms
[JETSON-GST] CONTROL frame=10418 TEST-LOOP=33.2 ms
[JETSON-GST] CONTROL frame=10432 TEST-LOOP=85.0 ms
[JETSON-GST] CONTROL frame=10448 TEST-LOOP=20.4 ms
[JETSON-GST] CONTROL frame=10458 TEST-LOOP=21.4 ms
[JETSON-GST] CONTROL frame=10468 TEST-LOOP=23.4 ms
[JETSON-GST] CONTROL frame=10482 TEST-LOOP=77.2 ms
[JETSON-GST] CONTROL frame=10498 TEST-LOOP=20.3 ms
[JETSON-GST] CONTROL frame=10508 TEST-LOOP=46.3 ms
[JETSON-GST] CONTROL frame=10522 TEST-LOOP=78.2