[JETSON-CAM] broker connecting ws://192.168.0.124:8765/ws?role=jetson&session=mcqueen
[JETSON-CAM] broker connected
[JETSON-CAM] camera /dev/v4l/by-id/usb-Sonix_Technology_Co.__Ltd._Lenovo_FHD_Webcam_Audio_SN0001-video-index0
[JETSON-CAM] pipeline: Lenovo MJPEG 1280x720@30 -> NVDEC -> NVENC H264 -> WebRTC
Opening in BLOCKING MODE 
Opening in BLOCKING MODE 
[JETSON-CAM] PLAYING <enum GST_STATE_CHANGE_SUCCESS of type Gst.StateChangeReturn>
NvMMLiteOpen : Block : BlockType = 277 
NVMEDIA: Reading vendor.tegra.display-size : status: 6 
NvMMLiteBlockCreate : Block : BlockType = 277 
NvMMLiteOpen : Block : BlockType = 4 
===== NVMEDIA: NVENC =====
NvMMLiteBlockCreate : Block : BlockType = 4 
H264: Profile = 66, Level = 0 
[JETSON-CAM] negotiation needed
[JETSON-CAM] offer sent
[JETSON-CAM] answer applied
[JETSON-CAM] ICE <enum GST_WEBRTC_ICE_CONNECTION_STATE_CHECKING of type GstWebRTC.WebRTCICEConnectionState>
[JETSON-CAM] ICE <enum GST_WEBRTC_ICE_CONNECTION_STATE_CONNECTED of type GstWebRTC.WebRTCICEConnectionState>
[JETSON-CAM] CONTROL frame=16 CAMERA-LOOP=17.8 ms
[JETSON-CAM] CONTROL frame=36 CAMERA-LOOP=16.7 ms
[JETSON-CAM] CONTROL frame=56 CAMERA-LOOP=16.5 ms
[JETSON-CAM] CONTROL frame=76 CAMERA-LOOP=7.0 ms
[JETSON-CAM] CONTROL frame=90 CAMERA-LOOP=43.7 ms
[JETSON-CAM] CONTROL frame=110 CAMERA-LOOP=45.2 ms
[JETSON-CAM] CONTROL frame=130 CAMERA-LOOP=43.2 ms
[JETSON-CAM] CONTROL frame=150 CAMERA-LOOP=39.6 ms
[JETSON-CAM] CONTROL frame=170 CAMERA-LOOP=40.4 ms
[JETSON-CAM] CONTROL frame=190 CAMERA-LOOP=39.0 ms
[JETSON-CAM] CONTROL frame=210 CAMERA-LOOP=40.2 ms
[JETSON-CAM] CONTROL frame=226 CAMERA-LOOP=9.2 ms
[JETSON-CAM] CONTROL frame=244 CAMERA-LOOP=70.2 ms
[JETSON-CAM] CONTROL frame=260 CAMERA-LOOP=39.3 ms
[JETSON-CAM] CONTROL frame=280 CAMERA-LOOP=38.2 ms
[JETSON-CAM] CONTROL frame=296 CAMERA-LOOP=8.8 ms
[JETSON-CAM] CONTROL frame=314 CAMERA-LOOP=71.5 ms
[JETSON-CAM] CONTROL frame=330 CAMERA-LOOP=42.4 ms
[JETSON-CAM] CONTROL frame=346 CAMERA-LOOP=12.1 ms
[JETSON-CAM] CONTROL frame=366 CAMERA-LOOP=5.2 ms
[JETSON-CAM] CONTROL frame=386 CAMERA-LOOP=6.8 ms
[JETSON-CAM] CONTROL frame=404 CAMERA-LOOP=44.0 ms
[JETSON-CAM] CONTROL frame=424 CAMERA-LOOP=39.0 ms
[JETSON-CAM] CONTROL frame=440 CAMERA-LOOP=8.3 ms
[JETSON-CAM] CONTROL frame=454 CAMERA-LOOP=43.3 ms
[JETSON-CAM] CONTROL frame=474 CAMERA-LOOP=39.1 ms
[JETSON-CAM] CONTROL frame=494 CAMERA-LOOP=42.0 ms
[JETSON-CAM] CONTROL frame=510 CAMERA-LOOP=36.1 ms
[JETSON-CAM] CONTROL frame=540 CAMERA-LOOP=29.7 ms
[JETSON-CAM] CONTROL frame=556 CAMERA-LOOP=39.0 ms
[JETSON-CAM] CONTROL frame=576 CAMERA-LOOP=39.2 ms
[JETSON-CAM] CONTROL frame=590 CAMERA-LOOP=72.2 ms
[JETSON-CAM] CONTROL frame=606 CAMERA-LOOP=53.5 ms
[JETSON-CAM] CONTROL frame=626 CAMERA-LOOP=38.8 ms
[JETSON-CAM] CONTROL frame=642 CAMERA-LOOP=9.0 ms
[JETSON-CAM] CONTROL frame=662 CAMERA-LOOP=6.6 ms
[JETSON-CAM] CONTROL frame=676 CAMERA-LOOP=39.0 ms
[JETSON-CAM] CONTROL frame=698 CAMERA-LOOP=70.4 ms
[JETSON-CAM] CONTROL frame=716 CAMERA-LOOP=39.2 ms
[JETSON-CAM] CONTROL frame=736 CAMERA-LOOP=36.9 ms
[JETSON-CAM] CONTROL frame=752 CAMERA-LOOP=10.2 ms
[JETSON-CAM] CONTROL frame=772 CAMERA-LOOP=10.1 ms
[JETSON-CAM] CONTROL frame=790 CAMERA-LOOP=74.9 ms
[JETSON-CAM] CONTROL frame=812 CAMERA-LOOP=6.0 ms
[JETSON-CAM] CONTROL frame=826 CAMERA-LOOP=39.1 ms
[JETSON-CAM] CONTROL frame=854 CAMERA-LOOP=31.5 ms
[JETSON-CAM] CONTROL frame=874 CAMERA-LOOP=5.6 ms
[JETSON-CAM] CONTROL frame=894 CAMERA-LOOP=22.5 ms
[JETSON-CAM] CONTROL frame=912 CAMERA-LOOP=71.1 ms
[JETSON-CAM] CONTROL frame=934 CAMERA-LOOP=6.0 ms
[JETSON-CAM] CONTROL frame=948 CAMERA-LOOP=39.0 ms
[JETSON-CAM] CONTROL frame=964 CAMERA-LOOP=7.4 ms
[JETSON-CAM] CONTROL frame=978 CAMERA-LOOP=44.0 ms
[JETSON-CAM] CONTROL frame=1000 CAMERA-LOOP=62.6 ms
[JETSON-CAM] CONTROL frame=1018 CAMERA-LOOP=45.2 ms
[JETSON-CAM] CONTROL frame=1038 CAMERA-LOOP=46.7 ms
[JETSON-CAM] CONTROL frame=1058 CAMERA-LOOP=42.4 ms
[JETSON-CAM] CONTROL frame=1078 CAMERA-LOOP=44.6 ms
[JETSON-CAM] CONTROL frame=1098 CAMERA-LOOP=39.5 ms
[JETSON-CAM] CONTROL frame=1118 CAMERA-LOOP=45.2 ms
[JETSON-CAM] CONTROL frame=1138 CAMERA-LOOP=37.2 ms
[JETSON-CAM] CONTROL frame=1164 CAMERA-LOOP=36.7 ms
[JETSON-CAM] CONTROL frame=1182 CAMERA-LOOP=38.0 ms
[JETSON-CAM] CONTROL frame=1198 CAMERA-LOOP=6.2 ms
[JETSON-CAM] CONTROL frame=1212 CAMERA-LOOP=39.4 ms
[JETSON-CAM] CONTROL frame=1232 CAMERA-LOOP=46.9 ms
[JETSON-CAM] CONTROL frame=1252 CAMERA-LOOP=41.7 ms
[JETSON-CAM] CONTROL frame=1272 CAMERA-LOOP=39.9 ms
[JETSON-CAM] CONTROL frame=1292 CAMERA-LOOP=40.2 ms
[JETSON-CAM] CONTROL frame=1318 CAMERA-LOOP=36.5 ms
[JETSON-CAM] CONTROL frame=1336 CAMERA-LOOP=6.2 ms
[JETSON-CAM] CONTROL frame=1350 CAMERA-LOOP=42.0 ms
[JETSON-CAM] CONTROL frame=1370 CAMERA-LOOP=40.8 ms
[JETSON-CAM] CONTROL frame=1390 CAMERA-LOOP=40.9 ms
[JETSON-CAM] CONTROL frame=1406 CAMERA-LOOP=11.4 ms
[JETSON-CAM] CONTROL frame=1420 CAMERA-LOOP=50.4 ms
[JETSON-CAM] CONTROL frame=1440 CAMERA-LOOP=39.2 ms
[JETSON-CAM] CONTROL frame=1456 CAMERA-LOOP=7.3 ms
[JETSON-CAM] CONTROL frame=1482 CAMERA-LOOP=15.3 ms
[JETSON-CAM] CONTROL frame=1498 CAMERA-LOOP=71.5 ms
[JETSON-CAM] CONTROL frame=1514 CAMERA-LOOP=40.2 ms
[JETSON-CAM] CONTROL frame=1530 CAMERA-LOOP=10.6 ms
[JETSON-CAM] CONTROL frame=1550 CAMERA-LOOP=9.5 ms
[JETSON-CAM] CONTROL frame=1568 CAMERA-LOOP=70.5 ms
[JETSON-CAM] CONTROL frame=1584 CAMERA-LOOP=38.9 ms
[JETSON-CAM] CONTROL frame=1600 CAMERA-LOOP=7.7 ms
[JETSON-CAM] CONTROL frame=1624 CAMERA-LOOP=71.5 ms
[JETSON-CAM] CONTROL frame=1644 CAMERA-LOOP=38.0 ms
[JETSON-CAM] CONTROL frame=1664 CAMERA-LOOP=38.8 ms
[JETSON-CAM] CONTROL frame=1684 CAMERA-LOOP=42.7 ms
[JETSON-CAM] CONTROL frame=1704 CAMERA-LOOP=39.6 ms
[JETSON-CAM] CONTROL frame=1720 CAMERA-LOOP=11.3 ms
[JETSON-CAM] CONTROL frame=1738 CAMERA-LOOP=69.9 ms
[JETSON-CAM] CONTROL frame=1760 CAMERA-LOOP=5.4 ms
[JETSON-CAM] CONTROL frame=1780 CAMERA-LOOP=28.1 ms
[JETSON-CAM] CONTROL frame=1800 CAMERA-LOOP=6.3 ms
[JETSON-CAM] CONTROL frame=1820 CAMERA-LOOP=7.5 ms
[JETSON-CAM] CONTROL frame=1840 CAMERA-LOOP=6.9 ms
[JETSON-CAM] CONTROL frame=1860 CAMERA-LOOP=8.9 ms
[JETSON-CAM] CONTROL frame=1880 CAMERA-LOOP=16.4 ms
[JETSON-CAM] CONTROL frame=1900 CAMERA-LOOP=9.2 ms
[JETSON-CAM] CONTROL frame=1920 CAMERA-LOOP=6.2 ms
[JETSON-CAM] CONTROL frame=1944 CAMERA-LOOP=36.2 ms
[JETSON-CAM] CONTROL frame=1962 CAMERA-LOOP=71.6 ms
[JETSON-CAM] CONTROL frame=1984 CAMERA-LOOP=9.4 ms
[JETSON-CAM] CONTROL frame=2004 CAMERA-LOOP=13.8 ms
[JETSON-CAM] CONTROL frame=2024 CAMERA-LOOP=9.9 ms
[JETSON-CAM] CONTROL frame=2044 CAMERA-LOOP=4.8 ms
[JETSON-CAM] CONTROL frame=2064 CAMERA-LOOP=9.8 ms
[JETSON-CAM] CONTROL frame=2078 CAMERA-LOOP=43.9 ms
[JETSON-CAM] CONTROL frame=2100 CAMERA-LOOP=39.2 ms
[JETSON-CAM] CONTROL frame=2118 CAMERA-LOOP=37.9 ms
[JETSON-CAM] CONTROL frame=2134 CAMERA-LOOP=9.6 ms
[JETSON-CAM] CONTROL frame=2152 CAMERA-LOOP=71.0 ms
[JETSON-CAM] CONTROL frame=2168 CAMERA-LOOP=39.5 ms
[JETSON-CAM] CONTROL frame=2184 CAMERA-LOOP=6.3 ms
[JETSON-CAM] CONTROL frame=2204 CAMERA-LOOP=6.6 ms
[JETSON-CAM] CONTROL frame=2218 CAMERA-LOOP=40.3 ms
[JETSON-CAM] CONTROL frame=2238 CAMERA-LOOP=39.7 ms
[JETSON-CAM] CONTROL frame=2256 CAMERA-LOOP=31.2 ms
[JETSON-CAM] CONTROL frame=2272 CAMERA-LOOP=10.2 ms
[JETSON-CAM] CONTROL frame=2290 CAMERA-LOOP=72.1 ms
[JETSON-CAM] CONTROL frame=2312 CAMERA-LOOP=6.3 ms
[JETSON-CAM] CONTROL frame=2330 CAMERA-LOOP=71.0 ms
[JETSON-CAM] CONTROL frame=2352 CAMERA-LOOP=11.4 ms
[JETSON-CAM] CONTROL frame=2370 CAMERA-LOOP=63.3 ms
[JETSON-CAM] CONTROL frame=2386 CAMERA-LOOP=39.8 ms
[JETSON-CAM] CONTROL frame=2410 CAMERA-LOOP=31.6 ms
[JETSON-CAM] CONTROL frame=2426 CAMERA-LOOP=18.5 ms
[JETSON-CAM] CONTROL frame=2446 CAMERA-LOOP=8.3 ms
[JETSON-CAM] CONTROL frame=2466 CAMERA-LOOP=7.4 ms
[JETSON-CAM] CONTROL frame=2480 CAMERA-LOOP=40.2 ms
[JETSON-CAM] CONTROL frame=2496 CAMERA-LOOP=11.6 ms
[JETSON-CAM] CONTROL frame=2516 CAMERA-LOOP=17.3 ms
[JETSON-CAM] CONTROL frame=2536 CAMERA-LOOP=5.3 ms
[JETSON-CAM] CONTROL frame=2550 CAMERA-LOOP=42.9 ms
[JETSON-CAM] CONTROL frame=2570 CAMERA-LOOP=38.5 ms
[JETSON-CAM] CONTROL frame=2584 CAMERA-LOOP=71.1 ms
[JETSON-CAM] CONTROL frame=2600 CAMERA-LOOP=44.2 ms
[JETSON-CAM] CONTROL frame=2616 CAMERA-LOOP=13.0 ms
[JETSON-CAM] CONTROL frame=2636 CAMERA-LOOP=6.1 ms
[JETSON-CAM] CONTROL frame=2656 CAMERA-LOOP=7.4 ms
[JETSON-CAM] CONTROL frame=2674 CAMERA-LOOP=67.2 ms
[JETSON-CAM] CONTROL frame=2690 CAMERA-LOOP=38.6 ms
[JETSON-CAM] CONTROL frame=2718 CAMERA-LOOP=68.5 ms
[JETSON-CAM] CONTROL frame=2738 CAMERA-LOOP=11.3 ms
[JETSON-CAM] CONTROL frame=2756 CAMERA-LOOP=71.4 ms
[JETSON-CAM] CONTROL frame=2778 CAMERA-LOOP=7.7 ms
[JETSON-CAM] CONTROL frame=2792 CAMERA-LOOP=40.1 ms
[JETSON-CAM] CONTROL frame=2808 CAMERA-LOOP=10.9 ms
[JETSON-CAM] CONTROL frame=2828 CAMERA-LOOP=6.6 ms
[JETSON-CAM] CONTROL frame=2848 CAMERA-LOOP=15.0 ms
[JETSON-CAM] CONTROL frame=2872 CAMERA-LOOP=62.0 ms
[JETSON-CAM] CONTROL frame=2890 CAMERA-LOOP=8.8 ms
[JETSON-CAM] CONTROL frame=2910 CAMERA-LOOP=11.6 ms
[JETSON-CAM] CONTROL frame=2928 CAMERA-LOOP=72.9 ms
[JETSON-CAM] CONTROL frame=2950 CAMERA-LOOP=6.4 ms
[JETSON-CAM] CONTROL frame=2964 CAMERA-LOOP=38.7 ms
[JETSON-CAM] CONTROL frame=2980 CAMERA-LOOP=14.0 ms
[JETSON-CAM] CONTROL frame=3000 CAMERA-LOOP=7.7 ms
[JETSON-CAM] CONTROL frame=3014 CAMERA-LOOP=39.9 ms
[JETSON-CAM] CONTROL frame=3034 CAMERA-LOOP=38.1 ms
[JETSON-CAM] CONTROL frame=3054 CAMERA-LOOP=44.4 ms
[JETSON-CAM] CONTROL frame=3074 CAMERA-LOOP=38.9 ms
[JETSON-CAM] CONTROL frame=3094 CAMERA-LOOP=42.3 ms
[JETSON-CAM] CONTROL frame=3114 CAMERA-LOOP=38.7 ms
[JETSON-CAM] CONTROL frame=3130 CAMERA-LOOP=11.4 ms
[JETSON-CAM] CONTROL frame=3150 CAMERA-LOOP=7.1 ms
[JETSON-CAM] CONTROL frame=3164 CAMERA-LOOP=39.9 ms
[JETSON-CAM] CONTROL frame=3184 CAMERA-LOOP=61.5 ms
[JETSON-CAM] CONTROL frame=3202 CAMERA-LOOP=7.1 ms
[JETSON-CAM] CONTROL frame=3220 CAMERA-LOOP=71.3 ms
[JETSON-CAM] CONTROL frame=3236 CAMERA-LOOP=40.8 ms
[JETSON-CAM] CONTROL frame=3250 CAMERA-LOOP=74.0 ms
[JETSON-CAM] CONTROL frame=3266 CAMERA-LOOP=43.7 ms
[JETSON-CAM] CONTROL frame=3286 CAMERA-LOOP=39.6 ms
[JETSON-CAM] CONTROL frame=3306 CAMERA-LOOP=29.7 ms
[JETSON-CAM] CONTROL frame=3322 CAMERA-LOOP=6.2 ms
[JETSON-CAM] CONTROL frame=3338 CAMERA-LOOP=36.2 ms
[JETSON-CAM] CONTROL frame=3356 CAMERA-LOOP=39.2 ms
[JETSON-CAM] CONTROL frame=3370 CAMERA-LOOP=71.8 ms
[JETSON-CAM] CONTROL frame=3392 CAMERA-LOOP=5.9 ms
[JETSON-CAM] CONTROL frame=3410 CAMERA-LOOP=71.8 ms
[JETSON-CAM] CONTROL frame=3426 CAMERA-LOOP=40.0 ms
[JETSON-CAM] CONTROL frame=3446 CAMERA-LOOP=38.5 ms
[JETSON-CAM] CONTROL frame=3462 CAMERA-LOOP=7.1 ms
[JETSON-CAM] CONTROL frame=3476 CAMERA-LOOP=43.8 ms
[JETSON-CAM] CONTROL frame=3498 CAMERA-LOOP=36.5 ms
[JETSON-CAM] CONTROL frame=3516 CAMERA-LOOP=38.8 ms
[JETSON-CAM] CONTROL frame=3536 CAMERA-LOOP=38.6 ms
[JETSON-CAM] CONTROL frame=3556 CAMERA-LOOP=39.6 ms
[JETSON-CAM] CONTROL frame=3576 CAMERA-LOOP=38.0 ms
[JETSON-CAM] CONTROL frame=3592 CAMERA-LOOP=7.2 ms
[JETSON-CAM] CONTROL frame=3606 CAMERA-LOOP=39.6 ms
[JETSON-CAM] CONTROL frame=3626 CAMERA-LOOP=39.6 ms
[JETSON-CAM] CONTROL frame=3652 CAMERA-LOOP=29.4 ms
[JETSON-CAM] CONTROL frame=3670 CAMERA-LOOP=11.1 ms
[JETSON-CAM] CONTROL frame=3688 CAMERA-LOOP=73.0 ms
[JETSON-CAM] CONTROL frame=3704 CAMERA-LOOP=42.0 ms
[JETSON-CAM] CONTROL frame=3724 CAMERA-LOOP=44.4 ms
[JETSON-CAM] CONTROL frame=3744 CAMERA-LOOP=39.4 ms
[JETSON-CAM] CONTROL frame=3760 CAMERA-LOOP=12.2 ms
[JETSON-CAM] CONTROL frame=3778 CAMERA-LOOP=68.5 ms
[JETSON-CAM] CONTROL frame=3802 CAMERA-LOOP=24.4 ms
[JETSON-CAM] CONTROL frame=3816 CAMERA-LOOP=64.4 ms
[JETSON-CAM] CONTROL frame=3836 CAMERA-LOOP=38.2 ms
[JETSON-CAM] CONTROL frame=3852 CAMERA-LOOP=6.4 ms
[JETSON-CAM] CONTROL frame=3866 CAMERA-LOOP=38.5 ms
[JETSON-CAM] CONTROL frame=3886 CAMERA-LOOP=46.6 ms
[JETSON-CAM] CONTROL frame=3906 CAMERA-LOOP=36.7 ms
[JETSON-CAM] CONTROL frame=3922 CAMERA-LOOP=6.1 ms
[JETSON-CAM] CONTROL frame=3936 CAMERA-LOOP=39.0 ms
[JETSON-CAM] CONTROL frame=3964 CAMERA-LOOP=30.1 ms
[JETSON-CAM] CONTROL frame=3980 CAMERA-LOOP=70.2 ms
[JETSON-CAM] CONTROL frame=3996 CAMERA-LOOP=38.9 ms
[JETSON-CAM] CONTROL frame=4016 CAMERA-LOOP=47.6 ms
[JETSON-CAM] CONTROL frame=4036 CAMERA-LOOP=47.4 ms
[JETSON-CAM] CONTROL frame=4056 CAMERA-LOOP=44.4 ms
[JETSON-CAM] CONTROL frame=4076 CAMERA-LOOP=37.1 ms
[JETSON-CAM] CONTROL frame=4092 CAMERA-LOOP=6.4 ms
[JETSON-CAM] CONTROL frame=4110 CAMERA-LOOP=9.4 ms
[JETSON-CAM] CONTROL frame=4126 CAMERA-LOOP=41.2 ms
[JETSON-CAM] CONTROL frame=4146 CAMERA-LOOP=38.9 ms
[JETSON-CAM] CONTROL frame=4166 CAMERA-LOOP=38.5 ms
[JETSON-CAM] CONTROL frame=4186 CAMERA-LOOP=39.0 ms
[JETSON-CAM] CONTROL frame=4200 CAMERA-LOOP=71.9 ms
[JETSON-CAM] CONTROL frame=4220 CAMERA-LOOP=69.9 ms
[JETSON-CAM] CONTROL frame=4236 CAMERA-LOOP=39.0 ms
[JETSON-CAM] CONTROL frame=4250 CAMERA-LOOP=71.6 ms
[JETSON-CAM] CONTROL frame=4266 CAMERA-LOOP=44.8 ms
[JETSON-CAM] CONTROL frame=4286 CAMERA-LOOP=38.5 ms
[JETSON-CAM] CONTROL frame=4306 CAMERA-LOOP=39.8 ms
[JETSON-CAM] CONTROL frame=4326 CAMERA-LOOP=39.3 ms
[JETSON-CAM] CONTROL frame=4342 CAMERA-LOOP=7.5 ms
[JETSON-CAM] CONTROL frame=4362 CAMERA-LOOP=7.8 ms
[JETSON-CAM] CONTROL frame=4382 CAMERA-LOOP=5.5 ms
[JETSON-CAM] CONTROL frame=4402 CAMERA-LOOP=7.7 ms
[JETSON-CAM] CONTROL frame=4422 CAMERA-LOOP=72.0 ms
[JETSON-CAM] CONTROL frame=4442 CAMERA-LOOP=5.8 ms
[JETSON-CAM] CONTROL frame=4456 CAMERA-LOOP=39.7 ms
[JETSON-CAM] CONTROL frame=4472 CAMERA-LOOP=7.8 ms
[JETSON-CAM] CONTROL frame=4490 CAMERA-LOOP=70.1 ms
[JETSON-CAM] CONTROL frame=4506 CAMERA-LOOP=39.2 ms
[JETSON-CAM] CONTROL frame=4520 CAMERA-LOOP=71.9 ms
[JETSON-CAM] CONTROL frame=4542 CAMERA-LOOP=6.3 ms
[JETSON-CAM] CONTROL frame=4556 CAMERA-LOOP=40.5 ms
[JETSON-CAM] CONTROL frame=4574 CAMERA-LOOP=67.8 ms
[JETSON-CAM] CONTROL frame=4590 CAMERA-LOOP=52.9 ms
[JETSON-CAM] CONTROL frame=4606 CAMERA-LOOP=35.5 ms
[JETSON-CAM] CONTROL frame=4622 CAMERA-LOOP=4.9 ms
[JETSON-CAM] CONTROL frame=4640 CAMERA-LOOP=52.4 ms
[JETSON-CAM] CONTROL frame=4656 CAMERA-LOOP=43.6 ms
[JETSON-CAM] CONTROL frame=4676 CAMERA-LOOP=44.8 ms
[JETSON-CAM] CONTROL frame=4696 CAMERA-LOOP=39.2 ms
[JETSON-CAM] CONTROL frame=4712 CAMERA-LOOP=7.8 ms
[JETSON-CAM] CONTROL frame=4736 CAMERA-LOOP=65.1 ms
[JETSON-CAM] CONTROL frame=4754 CAMERA-LOOP=11.2 ms
[JETSON-CAM] CONTROL frame=4774 CAMERA-LOOP=7.2 ms
[JETSON-CAM] CONTROL frame=4794 CAMERA-LOOP=6.7 ms
[JETSON-CAM] CONTROL frame=4812 CAMERA-LOOP=70.6 ms
[JETSON-CAM] CONTROL frame=4828 CAMERA-LOOP=39.4 ms
[JETSON-CAM] CONTROL frame=4848 CAMERA-LOOP=36.4 ms
[JETSON-CAM] CONTROL frame=4868 CAMERA-LOOP=32.5 ms
[JETSON-CAM] CONTROL frame=4894 CAMERA-LOOP=31.3 ms
[JETSON-CAM] CONTROL frame=4912 CAMERA-LOOP=37.7 ms
[JETSON-CAM] CONTROL frame=4928 CAMERA-LOOP=6.3 ms
[JETSON-CAM] CONTROL frame=4948 CAMERA-LOOP=6.7 ms
[JETSON-CAM] CONTROL frame=4962 CAMERA-LOOP=39.4 ms
[JETSON-CAM] CONTROL frame=4982 CAMERA-LOOP=37.4 ms
[JETSON-CAM] CONTROL frame=4996 CAMERA-LOOP=71.7 ms
[JETSON-CAM] CONTROL frame=5018 CAMERA-LOOP=6.3 ms
[JETSON-CAM] CONTROL frame=5032 CAMERA-LOOP=39.3 ms
[JETSON-CAM] CONTROL frame=5050 CAMERA-LOOP=66.5 ms
[JETSON-CAM] CONTROL frame=5066 CAMERA-LOOP=38.6 ms
[JETSON-CAM] CONTROL frame=5082 CAMERA-LOOP=9.9 ms
[JETSON-CAM] CONTROL frame=5100 CAMERA-LOOP=66.0 ms
[JETSON-CAM] CONTROL frame=5116 CAMERA-LOOP=36.4 ms
[JETSON-CAM] CONTROL frame=5132 CAMERA-LOOP=5.9 ms
[JETSON-CAM] CONTROL frame=5152 CAMERA-LOOP=12.7 ms
[JETSON-CAM] CONTROL frame=5172 CAMERA-LOOP=5.1 ms
[JETSON-CAM] CONTROL frame=5186 CAMERA-LOOP=41.3 ms
[JETSON-CAM] CONTROL frame=5206 CAMERA-LOOP=38.7 ms
[JETSON-CAM] CONTROL frame=5226 CAMERA-LOOP=44.7 ms
[JETSON-CAM] CONTROL frame=5242 CAMERA-LOOP=12.9 ms
[JETSON-CAM] CONTROL frame=5256 CAMERA-LOOP=47.2 ms
[JETSON-CAM] CONTROL frame=5276 CAMERA-LOOP=43.2 ms
[JETSON-CAM] CONTROL frame=5296 CAMERA-LOOP=38.5 ms
[JETSON-CAM] CONTROL frame=5316 CAMERA-LOOP=45.0 ms
[JETSON-CAM] CONTROL frame=5336 CAMERA-LOOP=44.8 ms
[JETSON-CAM] CONTROL frame=5354 CAMERA-LOOP=67.5 ms
[JETSON-CAM] CONTROL frame=5370 CAMERA-LOOP=69.4 ms
[JETSON-CAM] CONTROL frame=5386 CAMERA-LOOP=40.4 ms
[JETSON-CAM] CONTROL frame=5406 CAMERA-LOOP=42.6 ms
[JETSON-CAM] CONTROL frame=5426 CAMERA-LOOP=39.6 ms
[JETSON-CAM] CONTROL frame=5446 CAMERA-LOOP=40.0 ms
[JETSON-CAM] CONTROL frame=5466 CAMERA-LOOP=40.4 ms
[JETSON-CAM] CONTROL frame=5482 CAMERA-LOOP=9.7 ms
[JETSON-CAM] CONTROL frame=5496 CAMERA-LOOP=43.6 ms
[JETSON-CAM] CONTROL frame=5518 CAMERA-LOOP=37.3 ms
[JETSON-CAM] CONTROL frame=5536 CAMERA-LOOP=7.0 ms
[JETSON-CAM] CONTROL frame=5550 CAMERA-LOOP=44.5 ms
[JETSON-CAM] CONTROL frame=5570 CAMERA-LOOP=42.1 ms
[JETSON-CAM] CONTROL frame=5590 CAMERA-LOOP=48.2 ms
[JETSON-CAM] CONTROL frame=5610 CAMERA-LOOP=51.2 ms
[JETSON-CAM] CONTROL frame=5630 CAMERA-LOOP=36.7 ms
[JETSON-CAM] CONTROL frame=5646 CAMERA-LOOP=4.7 ms
[JETSON-CAM] CONTROL frame=5672 CAMERA-LOOP=37.4 ms
[JETSON-CAM] CONTROL frame=5692 CAMERA-LOOP=44.2 ms
[JETSON-CAM] CONTROL frame=5712 CAMERA-LOOP=39.7 ms
[JETSON-CAM] CONTROL frame=5732 CAMERA-LOOP=40.3 ms
[JETSON-CAM] CONTROL frame=5752 CAMERA-LOOP=40.3 ms
[JETSON-CAM] CONTROL frame=5772 CAMERA-LOOP=38.4 ms
[JETSON-CAM] CONTROL frame=5788 CAMERA-LOOP=6.8 ms
[JETSON-CAM] CONTROL frame=5806 CAMERA-LOOP=71.0 ms
[JETSON-CAM] CONTROL frame=5828 CAMERA-LOOP=72.4 ms
[JETSON-CAM] CONTROL frame=5846 CAMERA-LOOP=71.2 ms
[JETSON-CAM] CONTROL frame=5868 CAMERA-LOOP=5.9 ms
[JETSON-CAM] CONTROL frame=5882 CAMERA-LOOP=44.4 ms
[JETSON-CAM] CONTROL frame=5902 CAMERA-LOOP=39.3 ms
[JETSON-CAM] CONTROL frame=5916 CAMERA-LOOP=71.9 ms
[JETSON-CAM] CONTROL frame=5938 CAMERA-LOOP=7.4 ms
[JETSON-CAM] CONTROL frame=5952 CAMERA-LOOP=40.9 ms
[JETSON-CAM] CONTROL frame=5986 CAMERA-LOOP=7.5 ms
[JETSON-CAM] CONTROL frame=6002 CAMERA-LOOP=71.1 ms
[JETSON-CAM] CONTROL frame=6024 CAMERA-LOOP=6.0 ms
[JETSON-CAM] CONTROL frame=6038 CAMERA-LOOP=39.1 ms
[JETSON-CAM] CONTROL frame=6058 CAMERA-LOOP=38.0 ms
[JETSON-CAM] CONTROL frame=6078 CAMERA-LOOP=39.2 ms
[JETSON-CAM] CONTROL frame=6098 CAMERA-LOOP=39.1 ms
[JETSON-CAM] CONTROL frame=6118 CAMERA-LOOP=38.3 ms
[JETSON-CAM] CONTROL frame=6136 CAMERA-LOOP=66.2 ms
[JETSON-CAM] CONTROL frame=6156 CAMERA-LOOP=18.0 ms
[JETSON-CAM] CONTROL frame=6176 CAMERA-LOOP=9.3 ms
[JETSON-CAM] CONTROL frame=6190 CAMERA-LOOP=45.7 ms
[JETSON-CAM] CONTROL frame=6206 CAMERA-LOOP=15.1 ms
[JETSON-CAM] CONTROL frame=6220 CAMERA-LOOP=52.4 ms
[JETSON-CAM] CONTROL frame=6240 CAMERA-LOOP=38.6 ms
[JETSON-CAM] CONTROL frame=6260 CAMERA-LOOP=43.7 ms
[JETSON-CAM] CONTROL frame=6290 CAMERA-LOOP=59.2 ms
[JETSON-CAM] CONTROL frame=6306 CAMERA-LOOP=45.3 ms
[JETSON-CAM] CONTROL frame=6326 CAMERA-LOOP=39.0 ms
[JETSON-CAM] CONTROL frame=6346 CAMERA-LOOP=38.8 ms
[JETSON-CAM] CONTROL frame=6366 CAMERA-LOOP=43.8 ms
[JETSON-CAM] CONTROL frame=6386 CAMERA-LOOP=40.3 ms
[JETSON-CAM] CONTROL frame=6402 CAMERA-LOOP=13.0 ms
[JETSON-CAM] CONTROL frame=6416 CAMERA-LOOP=46.1 ms
[JETSON-CAM] CONTROL frame=6432 CAMERA-LOOP=16.1 ms
[JETSON-CAM] CONTROL frame=6450 CAMERA-LOOP=35.0 ms
[JETSON-CAM] CONTROL frame=6466 CAMERA-LOOP=42.5 ms
[JETSON-CAM] CONTROL frame=6486 CAMERA-LOOP=40.1 ms
[JETSON-CAM] CONTROL frame=6502 CAMERA-LOOP=14.1 ms
[JETSON-CAM] CONTROL frame=6522 CAMERA-LOOP=10.6 ms
[JETSON-CAM] CONTROL frame=6540 CAMERA-LOOP=72.2 ms
[JETSON-CAM] CONTROL frame=6562 CAMERA-LOOP=4.4 ms
[JETSON-CAM] CONTROL frame=6576 CAMERA-LOOP=38.6 ms
[JETSON-CAM] CONTROL frame=6602 CAMERA-LOOP=69.8 ms
[JETSON-CAM] CONTROL frame=6618 CAMERA-LOOP=67.6 ms
[JETSON-CAM] CONTROL frame=6634 CAMERA-LOOP=37.8 ms
[JETSON-CAM] CONTROL frame=6650 CAMERA-LOOP=7.5 ms
[JETSON-CAM] CONTROL frame=6668 CAMERA-LOOP=71.8 ms
[JETSON-CAM] CONTROL frame=6690 CAMERA-LOOP=12.9 ms
[JETSON-CAM] CONTROL frame=6704 CAMERA-LOOP=45.2 ms
[JETSON-CAM] CONTROL frame=6724 CAMERA-LOOP=37.3 ms
[JETSON-CAM] CONTROL frame=6740 CAMERA-LOOP=11.6 ms
[JETSON-CAM] CONTROL frame=6760 CAMERA-LOOP=8.6 ms
[JETSON-CAM] CONTROL frame=6774 CAMERA-LOOP=46.0 ms
[JETSON-CAM] CONTROL frame=6794 CAMERA-LOOP=39.3 ms
[JETSON-CAM] CONTROL frame=6814 CAMERA-LOOP=38.5 ms
[JETSON-CAM] CONTROL frame=6834 CAMERA-LOOP=28.4 ms
[JETSON-CAM] CONTROL frame=6848 CAMERA-LOOP=67.8 ms
[JETSON-CAM] CONTROL frame=6864 CAMERA-LOOP=36.3 ms
[JETSON-CAM] CONTROL frame=6884 CAMERA-LOOP=44.8 ms
[JETSON-CAM] CONTROL frame=6898 CAMERA-LOOP=81.3 ms
[JETSON-CAM] CONTROL frame=6916 CAMERA-LOOP=66.4 ms
[JETSON-CAM] CONTROL frame=6934 CAMERA-LOOP=68.6 ms
[JETSON-CAM] CONTROL frame=6954 CAMERA-LOOP=71.8 ms
[JETSON-CAM] CONTROL frame=6974 CAMERA-LOOP=68.6 ms
[JETSON-CAM] CONTROL frame=6990 CAMERA-LOOP=37.0 ms
[JETSON-CAM] CONTROL frame=7006 CAMERA-LOOP=6.8 ms
[JETSON-CAM] CONTROL frame=7020 CAMERA-LOOP=39.1 ms
[JETSON-CAM] CONTROL frame=7040 CAMERA-LOOP=45.8 ms
[JETSON-CAM] CONTROL frame=7070 CAMERA-LOOP=62.3 ms
[JETSON-CAM] CONTROL frame=7090 CAMERA-LOOP=7.5 ms
[JETSON-CAM] CONTROL frame=7108 CAMERA-LOOP=72.0 ms
[JETSON-CAM] CONTROL frame=7124 CAMERA-LOOP=39.4 ms
[JETSON-CAM] CONTROL frame=7144 CAMERA-LOOP=36.8 ms
[JETSON-CAM] CONTROL frame=7164 CAMERA-LOOP=36.0 ms
[JETSON-CAM] CONTROL frame=7178 CAMERA-LOOP=75.2 ms
[JETSON-CAM] CONTROL frame=7200 CAMERA-LOOP=9.1 ms
[JETSON-CAM] CONTROL frame=7218 CAMERA-LOOP=27.0 ms
[JETSON-CAM] CONTROL frame=7234 CAMERA-LOOP=46.1 ms
[JETSON-CAM] CONTROL frame=7254 CAMERA-LOOP=37.5 ms
[JETSON-CAM] CONTROL frame=7274 CAMERA-LOOP=30.7 ms
[JETSON-CAM] CONTROL frame=7290 CAMERA-LOOP=6.4 ms
[JETSON-CAM] CONTROL frame=7304 CAMERA-LOOP=47.0 ms
[JETSON-CAM] CONTROL frame=7320 CAMERA-LOOP=20.1 ms
[JETSON-CAM] CONTROL frame=7338 CAMERA-LOOP=70.9 ms
[JETSON-CAM] CONTROL frame=7354 CAMERA-LOOP=39.3 ms
[JETSON-CAM] CONTROL frame=7374 CAMERA-LOOP=52.8 ms
[JETSON-CAM] CONTROL frame=7394 CAMERA-LOOP=48.6 ms
[JETSON-CAM] CONTROL frame=7414 CAMERA-LOOP=40.0 ms
[JETSON-CAM] CONTROL frame=7434 CAMERA-LOOP=43.4 ms
[JETSON-CAM] CONTROL frame=7454 CAMERA-LOOP=39.5 ms
[JETSON-CAM] CONTROL frame=7474 CAMERA-LOOP=42.8 ms
[JETSON-CAM] CONTROL frame=7494 CAMERA-LOOP=43.3 ms
[JETSON-CAM] CONTROL frame=7514 CAMERA-LOOP=40.8 ms
[JETSON-CAM] CONTROL frame=7536 CAMERA-LOOP=33.0 ms
[JETSON-CAM] CONTROL frame=7554 CAMERA-LOOP=6.4 ms
[JETSON-CAM] CONTROL frame=7574 CAMERA-LOOP=5.0 ms
[JETSON-CAM] CONTROL frame=7588 CAMERA-LOOP=40.8 ms
[JETSON-CAM] CONTROL frame=7604 CAMERA-LOOP=9.7 ms
[JETSON-CAM] CONTROL frame=7624 CAMERA-LOOP=11.9 ms
[JETSON-CAM] CONTROL frame=7644 CAMERA-LOOP=13.9 ms
[JETSON-CAM] CONTROL frame=7662 CAMERA-LOOP=70.0 ms
[JETSON-CAM] CONTROL frame=7686 CAMERA-LOOP=58.7 ms
[JETSON-CAM] CONTROL frame=7704 CAMERA-LOOP=40.9 ms
[JETSON-CAM] CONTROL frame=7724 CAMERA-LOOP=36.2 ms
[JETSON-CAM] CONTROL frame=7740 CAMERA-LOOP=5.6 ms
[JETSON-CAM] CONTROL frame=7760 CAMERA-LOOP=4.0 ms
[JETSON-CAM] CONTROL frame=7778 CAMERA-LOOP=20.1 ms
[JETSON-CAM] CONTROL frame=7794 CAMERA-LOOP=14.3 ms
[JETSON-CAM] CONTROL frame=7810 CAMERA-LOOP=42.0 ms
[JETSON-CAM] CONTROL frame=7828 CAMERA-LOOP=24.7 ms
[JETSON-CAM] CONTROL frame=7846 CAMERA-LOOP=19.8 ms
[JETSON-CAM] CONTROL frame=7864 CAMERA-LOOP=13.2 ms
[JETSON-CAM] CONTROL frame=7878 CAMERA-LOOP=101.8 ms
[JETSON-CAM] CONTROL frame=7896 CAMERA-LOOP=26.8 ms
[JETSON-CAM] CONTROL frame=7910 CAMERA-LOOP=76.2 ms
[JETSON-CAM] CONTROL frame=7926 CAMERA-LOOP=51.0 ms
[JETSON-CAM] CONTROL frame=7946 CAMERA-LOOP=36.7 ms
[JETSON-CAM] CONTROL frame=7966 CAMERA-LOOP=48.7 ms
[JETSON-CAM] CONTROL frame=7986 CAMERA-LOOP=41.1 ms
[JETSON-CAM] CONTROL frame=8006 CAMERA-LOOP=42.8 ms
[JETSON-CAM] CONTROL frame=8026 CAMERA-LOOP=24.1 ms
[JETSON-CAM] CONTROL frame=8040 CAMERA-LOOP=67.2 ms
[JETSON-CAM] CONTROL frame=8056 CAMERA-LOOP=41.8 ms
[JETSON-CAM] CONTROL frame=8070 CAMERA-LOOP=78.2 ms
[JETSON-CAM] CONTROL frame=8092 CAMERA-LOOP=4.8 ms
[JETSON-CAM] CONTROL frame=8106 CAMERA-LOOP=41.2 ms
[JETSON-CAM] CONTROL frame=8126 CAMERA-LOOP=38.9 ms
[JETSON-CAM] CONTROL frame=8142 CAMERA-LOOP=14.8 ms
[JETSON-CAM] CONTROL frame=8158 CAMERA-LOOP=55.6 ms
[JETSON-CAM] CONTROL frame=8178 CAMERA-LOOP=42.3 ms
[JETSON-CAM] CONTROL frame=8194 CAMERA-LOOP=23.1 ms
[JETSON-CAM] CONTROL frame=8214 CAMERA-LOOP=7.9 ms
[JETSON-CAM] CONTROL frame=8234 CAMERA-LOOP=22.6 ms
[JETSON-CAM] CONTROL frame=8254 CAMERA-LOOP=23.4 ms
[JETSON-CAM] CONTROL frame=8274 CAMERA-LOOP=6.6 ms
[JETSON-CAM] CONTROL frame=8288 CAMERA-LOOP=39.5 ms
[JETSON-CAM] CONTROL frame=8316 CAMERA-LOOP=32.2 ms
[JETSON-CAM] CONTROL frame=8334 CAMERA-LOOP=5.5 ms
[JETSON-CAM] CONTROL frame=8348 CAMERA-LOOP=48.1 ms
[JETSON-CAM] CONTROL frame=8368 CAMERA-LOOP=38.5 ms
[JETSON-CAM] CONTROL frame=8384 CAMERA-LOOP=6.9 ms
[JETSON-CAM] CONTROL frame=8404 CAMERA-LOOP=7.0 ms
[JETSON-CAM] CONTROL frame=8418 CAMERA-LOOP=48.8 ms
[JETSON-CAM] CONTROL frame=8434 CAMERA-LOOP=18.4 ms
[JETSON-CAM] CONTROL frame=8454 CAMERA-LOOP=5.1 ms
[JETSON-CAM] CONTROL frame=8468 CAMERA-LOOP=39.3 ms
[JETSON-CAM] CONTROL frame=8488 CAMERA-LOOP=48.1 ms
[JETSON-CAM] CONTROL frame=8508 CAMERA-LOOP=44.4 ms
[JETSON-CAM] CONTROL frame=8528 CAMERA-LOOP=42.0 ms
[JETSON-CAM] CONTROL frame=8544 CAMERA-LOOP=12.1 ms
[JETSON-CAM] CONTROL frame=8564 CAMERA-LOOP=5.8 ms
[JETSON-CAM] CONTROL frame=8584 CAMERA-LOOP=4.3 ms
[JETSON-CAM] CONTROL frame=8598 CAMERA-LOOP=36.3 ms
[JETSON-CAM] CONTROL frame=8626 CAMERA-LOOP=26.6 ms
[JETSON-CAM] CONTROL frame=8644 CAMERA-LOOP=70.8 ms
[JETSON-CAM] CONTROL frame=8660 CAMERA-LOOP=41.7 ms
[JETSON-CAM] CONTROL frame=8680 CAMERA-LOOP=31.0 ms
[JETSON-CAM] CONTROL frame=8694 CAMERA-LOOP=70.9 ms
[JETSON-CAM] CONTROL frame=8710 CAMERA-LOOP=42.1 ms
[JETSON-CAM] CONTROL frame=8730 CAMERA-LOOP=40.3 ms
[JETSON-CAM] CONTROL frame=8746 CAMERA-LOOP=9.8 ms
[JETSON-CAM] CONTROL frame=8766 CAMERA-LOOP=20.3 ms
[JETSON-CAM] CONTROL frame=8792 CAMERA-LOOP=48.7 ms
[JETSON-CAM] CONTROL frame=8814 CAMERA-LOOP=21.8 ms
[JETSON-CAM] CONTROL frame=8828 CAMERA-LOOP=65.7 ms
[JETSON-CAM] CONTROL frame=8846 CAMERA-LOOP=70.7 ms
[JETSON-CAM] CONTROL frame=8868 CAMERA-LOOP=6.2 ms
[JETSON-CAM] CONTROL frame=8882 CAMERA-LOOP=44.7 ms
[JETSON-CAM] CONTROL frame=8902 CAMERA-LOOP=47.8 ms
[JETSON-CAM] CONTROL frame=8922 CAMERA-LOOP=42.7 ms
[JETSON-CAM] CONTROL frame=8942 CAMERA-LOOP=36.5 ms
[JETSON-CAM] CONTROL frame=8962 CAMERA-LOOP=41.5 ms
[JETSON-CAM] CONTROL frame=8978 CAMERA-LOOP=21.1 ms
[JETSON-CAM] CONTROL frame=8996 CAMERA-LOOP=68.8 ms
[JETSON-CAM] CONTROL frame=9016 CAMERA-LOOP=71.7 ms
[JETSON-CAM] CONTROL frame=9032 CAMERA-LOOP=43.6 ms
[JETSON-CAM] CONTROL frame=9052 CAMERA-LOOP=36.3 ms
[JETSON-CAM] CONTROL frame=9072 CAMERA-LOOP=46.2 ms
[JETSON-CAM] CONTROL frame=9094 CAMERA-LOOP=24.2 ms
[JETSON-CAM] CONTROL frame=9110 CAMERA-LOOP=7.1 ms
[JETSON-CAM] CONTROL frame=9130 CAMERA-LOOP=4.3 ms
[JETSON-CAM] CONTROL frame=9144 CAMERA-LOOP=41.1 ms
[JETSON-CAM] CONTROL frame=9160 CAMERA-LOOP=9.6 ms
[JETSON-CAM] CONTROL frame=9180 CAMERA-LOOP=4.3 ms
[JETSON-CAM] CONTROL frame=9198 CAMERA-LOOP=71.5 ms
[JETSON-CAM] CONTROL frame=9214 CAMERA-LOOP=49.3 ms
[JETSON-CAM] CONTROL frame=9234 CAMERA-LOOP=36.8 ms
[JETSON-CAM] CONTROL frame=9254 CAMERA-LOOP=45.4 ms
[JETSON-CAM] CONTROL frame=9274 CAMERA-LOOP=38.0 ms
[JETSON-CAM] CONTROL frame=9294 CAMERA-LOOP=44.2 ms
[JETSON-CAM] CONTROL frame=9314 CAMERA-LOOP=43.7 ms
[JETSON-CAM] CONTROL frame=9334 CAMERA-LOOP=44.3 ms
[JETSON-CAM] CONTROL frame=9354 CAMERA-LOOP=36.6 ms
[JETSON-CAM] CONTROL frame=9374 CAMERA-LOOP=43.1 ms
[JETSON-CAM] CONTROL frame=9398 CAMERA-LOOP=17.2 ms
[JETSON-CAM] CONTROL frame=9414 CAMERA-LOOP=42.7 ms
[JETSON-CAM] CONTROL frame=9434 CAMERA-LOOP=37.8 ms
[JETSON-CAM] CONTROL frame=9454 CAMERA-LOOP=42.8 ms
[JETSON-CAM] CONTROL frame=9474 CAMERA-LOOP=32.9 ms
[JETSON-CAM] CONTROL frame=9494 CAMERA-LOOP=40.1 ms
[JETSON-CAM] CONTROL frame=9514 CAMERA-LOOP=36.3 ms
[JETSON-CAM] CONTROL frame=9534 CAMERA-LOOP=40.1 ms
[JETSON-CAM] CONTROL frame=9558 CAMERA-LOOP=26.5 ms
[JETSON-CAM] CONTROL frame=9574 CAMERA-LOOP=67.0 ms
[JETSON-CAM] CONTROL frame=9590 CAMERA-LOOP=37.5 ms
[JETSON-CAM] CONTROL frame=9610 CAMERA-LOOP=37.2 ms
[JETSON-CAM] CONTROL frame=9630 CAMERA-LOOP=38.0 ms
[JETSON-CAM] CONTROL frame=9650 CAMERA-LOOP=35.9 ms
[JETSON-CAM] CONTROL frame=9670 CAMERA-LOOP=35.0 ms
[JETSON-CAM] CONTROL frame=9686 CAMERA-LOOP=9.6 ms
[JETSON-CAM] CONTROL frame=9700 CAMERA-LOOP=46.4 ms
[JETSON-CAM] CONTROL frame=9720 CAMERA-LOOP=22.8 ms
[JETSON-CAM] CONTROL frame=9736 CAMERA-LOOP=3.5 ms
[JETSON-CAM] CONTROL frame=9754 CAMERA-LOOP=67.7 ms
[JETSON-CAM] CONTROL frame=9770 CAMERA-LOOP=41.1 ms
[JETSON-CAM] CONTROL frame=9790 CAMERA-LOOP=36.4 ms
[JETSON-CAM] CONTROL frame=9810 CAMERA-LOOP=35.8 ms
[JETSON-CAM] CONTROL frame=9830 CAMERA-LOOP=36.4 ms
[JETSON-CAM] CONTROL frame=9844 CAMERA-LOOP=74.6 ms
[JETSON-CAM] CONTROL frame=9880 CAMERA-LOOP=36.1 ms
[JETSON-CAM] CONTROL frame=9900 CAMERA-LOOP=5.7 ms
[JETSON-CAM] CONTROL frame=9920 CAMERA-LOOP=3.7 ms
[JETSON-CAM] CONTROL frame=9934 CAMERA-LOOP=41.0 ms
[JETSON-CAM] CONTROL frame=9948 CAMERA-LOOP=75.5 ms
[JETSON-CAM] CONTROL frame=9970 CAMERA-LOOP=8.2 ms
[JETSON-CAM] CONTROL frame=9984 CAMERA-LOOP=44.4 ms
[JETSON-CAM] CONTROL frame=10004 CAMERA-LOOP=35.6 ms
[JETSON-CAM] CONTROL frame=10026 CAMERA-LOOP=25.7 ms
[JETSON-CAM] CONTROL frame=10042 CAMERA-LOOP=16.7 ms
[JETSON-CAM] CONTROL frame=10062 CAMERA-LOOP=4.2 ms
[JETSON-CAM] CONTROL frame=10076 CAMERA-LOOP=37.2 ms
[JETSON-CAM] CONTROL frame=10096 CAMERA-LOOP=40.0 ms
[JETSON-CAM] CONTROL frame=10116 CAMERA-LOOP=26.9 ms
[JETSON-CAM] CONTROL frame=10136 CAMERA-LOOP=36.6 ms
[JETSON-CAM] CONTROL frame=10150 CAMERA-LOOP=69.4 ms
[JETSON-CAM] CONTROL frame=10166 CAMERA-LOOP=38.8 ms
[JETSON-CAM] CONTROL frame=10182 CAMERA-LOOP=32.1 ms
[JETSON-CAM] CONTROL frame=10200 CAMERA-LOOP=68.9 ms
[JETSON-CAM] CONTROL frame=10222 CAMERA-LOOP=4.1 ms
[JETSON-CAM] CONTROL frame=10242 CAMERA-LOOP=11.9 ms
[JETSON-CAM] CONTROL frame=10260 CAMERA-LOOP=66.1 ms
[JETSON-CAM] CONTROL frame=10276 CAMERA-LOOP=35.6 ms
[JETSON-CAM] CONTROL frame=10296 CAMERA-LOOP=35.1 ms
[JETSON-CAM] CONTROL frame=10310 CAMERA-LOOP=67.5 ms
[JETSON-CAM] CONTROL frame=10328 CAMERA-LOOP=72.2 ms
[JETSON-CAM] CONTROL frame=10346 CAMERA-LOOP=42.2 ms
[JETSON-CAM] CONTROL frame=10362 CAMERA-LOOP=14.4 ms
[JETSON-CAM] CONTROL frame=10380 CAMERA-LOOP=62.7 ms
[JETSON-CAM] CONTROL frame=10396 CAMERA-LOOP=35.7 ms
[JETSON-CAM] CONTROL frame=10412 CAMERA-LOOP=7.5 ms
[JETSON-CAM] CONTROL frame=10430 CAMERA-LOOP=67.6 ms
[JETSON-CAM] CONTROL frame=10452 CAMERA-LOOP=9.3 ms
[JETSON-CAM] CONTROL frame=10466 CAMERA-LOOP=44.7 ms
[JETSON-CAM] CONTROL frame=10488 CAMERA-LOOP=23.8 ms
[JETSON-CAM] CONTROL frame=10502 CAMERA-LOOP=66.3 ms
[JETSON-CAM] CONTROL frame=10518 CAMERA-LOOP=40.0 ms
[JETSON-CAM] CONTROL frame=10538 CAMERA-LOOP=38.8 ms
[JETSON-CAM] CONTROL frame=10558 CAMERA-LOOP=39.4 ms
[JETSON-CAM] CONTROL frame=10578 CAMERA-LOOP=34.2 ms
[JETSON-CAM] CONTROL frame=10592 CAMERA-LOOP=70.4 ms
[JETSON-CAM] CONTROL frame=10608 CAMERA-LOOP=45.1 ms
[JETSON-CAM] CONTROL frame=10628 CAMERA-LOOP=45.4 ms
[JETSON-CAM] CONTROL frame=10648 CAMERA-LOOP=46.3 ms
[JETSON-CAM] CONTROL frame=10668 CAMERA-LOOP=41.5 ms
[JETSON-CAM] CONTROL frame=10688 CAMERA-LOOP=36.3 ms
[JETSON-CAM] CONTROL frame=10708 CAMERA-LOOP=35.2 ms
[JETSON-CAM] CONTROL frame=10724 CAMERA-LOOP=4.1 ms
[JETSON-CAM] CONTROL frame=10738 CAMERA-LOOP=39.0 ms
[JETSON-CAM] CONTROL frame=10758 CAMERA-LOOP=35.0 ms
[JETSON-CAM] CONTROL frame=10774 CAMERA-LOOP=9.9 ms
[JETSON-CAM] CONTROL frame=10800 CAMERA-LOOP=25.9 ms
[JETSON-CAM] CONTROL frame=10816 CAMERA-LOOP=67.2 ms
[JETSON-CAM] CONTROL frame=10832 CAMERA-LOOP=36.3 ms
[JETSON-CAM] CONTROL frame=10846 CAMERA-LOOP=72.1 ms
[JETSON-CAM] CONTROL frame=10868 CAMERA-LOOP=11.1 ms
[JETSON-CAM] CONTROL frame=10888 CAMERA-LOOP=7.5 ms
[JETSON-CAM] CONTROL frame=10902 CAMERA-LOOP=51.5 ms
[JETSON-CAM] CONTROL frame=10922 CAMERA-LOOP=39.0 ms
[JETSON-CAM] CONTROL frame=10936 CAMERA-LOOP=72.0 ms
[JETSON-CAM] CONTROL frame=10958 CAMERA-LOOP=4.6 ms
[JETSON-CAM] CONTROL frame=10976 CAMERA-LOOP=67.7 ms
[JETSON-CAM] CONTROL frame=10996 CAMERA-LOOP=68.3 ms
[JETSON-CAM] CONTROL frame=11012 CAMERA-LOOP=38.1 ms
[JETSON-CAM] CONTROL frame=11028 CAMERA-LOOP=6.2 ms
[JETSON-CAM] CONTROL frame=11048 CAMERA-LOOP=8.5 ms
[JETSON-CAM] CONTROL frame=11068 CAMERA-LOOP=3.9 ms
[JETSON-CAM] CONTROL frame=11082 CAMERA-LOOP=36.2 ms
[JETSON-CAM] CONTROL frame=11104 CAMERA-LOOP=31.4 ms
[JETSON-CAM] CONTROL frame=11120 CAMERA-LOOP=67.5 ms
[JETSON-CAM] CONTROL frame=11136 CAMERA-LOOP=37.2 ms
[JETSON-CAM] CONTROL frame=11150 CAMERA-LOOP=71.0 ms
[JETSON-CAM] CONTROL frame=11166 CAMERA-LOOP=40.8 ms
[JETSON-CAM] CONTROL frame=11186 CAMERA-LOOP=37.5 ms
[JETSON-CAM] CONTROL frame=11206 CAMERA-LOOP=35.1 ms
[JETSON-CAM] CONTROL frame=11226 CAMERA-LOOP=37.5 ms
[JETSON-CAM] CONTROL frame=11246 CAMERA-LOOP=38.0 ms
[JETSON-CAM] CONTROL frame=11264 CAMERA-LOOP=58.8 ms
[JETSON-CAM] CONTROL frame=11280 CAMERA-LOOP=41.1 ms
[JETSON-CAM] CONTROL frame=11300 CAMERA-LOOP=36.0 ms
[JETSON-CAM] CONTROL frame=11320 CAMERA-LOOP=42.9 ms
[JETSON-CAM] CONTROL frame=11340 CAMERA-LOOP=43.2 ms
[JETSON-CAM] CONTROL frame=11360 CAMERA-LOOP=36.3 ms
[JETSON-CAM] CONTROL frame=11380 CAMERA-LOOP=39.3 ms
[JETSON-CAM] CONTROL frame=11400 CAMERA-LOOP=44.1 ms
[JETSON-CAM] CONTROL frame=11420 CAMERA-LOOP=17.8 ms
[JETSON-CAM] CONTROL frame=11434 CAMERA-LOOP=71.1 ms
[JETSON-CAM] CONTROL frame=11450 CAMERA-LOOP=37.3 ms
[JETSON-CAM] CONTROL frame=11470 CAMERA-LOOP=44.9 ms
[JETSON-CAM] CONTROL frame=11490 CAMERA-LOOP=41.9 ms
[JETSON-CAM] CONTROL frame=11510 CAMERA-LOOP=41.1 ms
[JETSON-CAM] CONTROL frame=11530 CAMERA-LOOP=34.9 ms
[JETSON-CAM] CONTROL frame=11550 CAMERA-LOOP=37.2 ms
[JETSON-CAM] CONTROL frame=11572 CAMERA-LOOP=64.8 ms
[JETSON-CAM] CONTROL frame=11592 CAMERA-LOOP=36.2 ms
[JETSON-CAM] CONTROL frame=11612 CAMERA-LOOP=35.0 ms
[JETSON-CAM] CONTROL frame=11628 CAMERA-LOOP=7.6 ms
[JETSON-CAM] CONTROL frame=11648 CAMERA-LOOP=4.0 ms
[JETSON-CAM] CONTROL frame=11662 CAMERA-LOOP=37.6 ms
[JETSON-CAM] CONTROL frame=11682 CAMERA-LOOP=37.4 ms
[JETSON-CAM] CONTROL frame=11698 CAMERA-LOOP=5.7 ms
[JETSON-CAM] CONTROL frame=11722 CAMERA-LOOP=36.0 ms
[JETSON-CAM] CONTROL frame=11738 CAMERA-LOOP=5.0 ms
[JETSON-CAM] CONTROL frame=11756 CAMERA-LOOP=75.5 ms
[JETSON-CAM] CONTROL frame=11778 CAMERA-LOOP=12.2 ms
[JETSON-CAM] CONTROL frame=11796 CAMERA-LOOP=71.0 ms
[JETSON-CAM] CONTROL frame=11812 CAMERA-LOOP=37.0 ms
[JETSON-CAM] CONTROL frame=11832 CAMERA-LOOP=36.1 ms
[JETSON-CAM] CONTROL frame=11852 CAMERA-LOOP=40.7 ms
[JETSON-CAM] CONTROL frame=11878 CAMERA-LOOP=58.9 ms
[JETSON-CAM] CONTROL frame=11896 CAMERA-LOOP=72.5 ms
[JETSON-CAM] CONTROL frame=11912 CAMERA-LOOP=48.1 ms
[JETSON-CAM] CONTROL frame=11932 CAMERA-LOOP=36.3 ms
[JETSON-CAM] CONTROL frame=11952 CAMERA-LOOP=39.3 ms
[JETSON-CAM] CONTROL frame=11972 CAMERA-LOOP=42.4 ms
[JETSON-CAM] CONTROL frame=11992 CAMERA-LOOP=37.0 ms
[JETSON-CAM] CONTROL frame=12012 CAMERA-LOOP=39.1 ms
[JETSON-CAM] CONTROL frame=12040 CAMERA-LOOP=21.7 ms
[JETSON-CAM] CONTROL frame=12056 CAMERA-LOOP=64.7 ms
[JETSON-CAM] CONTROL frame=12074 CAMERA-LOOP=67.1 ms
[JETSON-CAM] CONTROL frame=12090 CAMERA-LOOP=37.4 ms
[JETSON-CAM] CONTROL frame=12110 CAMERA-LOOP=36.1 ms
[JETSON-CAM] CONTROL frame=12126 CAMERA-LOOP=9.7 ms
[JETSON-CAM] CONTROL frame=12146 CAMERA-LOOP=7.9 ms
[JETSON-CAM] CONTROL frame=12164 CAMERA-LOOP=71.7 ms
[JETSON-CAM] CONTROL frame=12190 CAMERA-LOOP=9.2 ms
[JETSON-CAM] CONTROL frame=12206 CAMERA-LOOP=7.5 ms
[JETSON-CAM] CONTROL frame=12226 CAMERA-LOOP=3.9 ms
[JETSON-CAM] CONTROL frame=12240 CAMERA-LOOP=38.4 ms
[JETSON-CAM] CONTROL frame=12260 CAMERA-LOOP=35.6 ms
[JETSON-CAM] CONTROL frame=12280 CAMERA-LOOP=36.5 ms
[JETSON-CAM] CONTROL frame=12300 CAMERA-LOOP=37.2 ms
[JETSON-CAM] CONTROL frame=12320 CAMERA-LOOP=39.0 ms
[JETSON-CAM] CONTROL frame=12352 CAMERA-LOOP=60.6 ms
[JETSON-CAM] CONTROL frame=12368 CAMERA-LOOP=67.6 ms
[JETSON-CAM] CONTROL frame=12388 CAMERA-LOOP=66.2 ms
[JETSON-CAM] CONTROL frame=12404 CAMERA-LOOP=40.9 ms
[JETSON-CAM] CONTROL frame=12424 CAMERA-LOOP=43.5 ms
[JETSON-CAM] CONTROL frame=12444 CAMERA-LOOP=37.5 ms
[JETSON-CAM] CONTROL frame=12464 CAMERA-LOOP=38.2 ms
[JETSON-CAM] CONTROL frame=12480 CAMERA-LOOP=11.4 ms
[JETSON-CAM] CONTROL frame=12506 CAMERA-LOOP=60.2 ms
[JETSON-CAM] CONTROL frame=12522 CAMERA-LOOP=38.5 ms
[JETSON-CAM] CONTROL frame=12542 CAMERA-LOOP=36.6 ms
[JETSON-CAM] CONTROL frame=12562 CAMERA-LOOP=39.4 ms
[JETSON-CAM] CONTROL frame=12582 CAMERA-LOOP=36.9 ms
[JETSON-CAM] CONTROL frame=12602 CAMERA-LOOP=36.9 ms
[JETSON-CAM] CONTROL frame=12622 CAMERA-LOOP=38.2 ms
[JETSON-CAM] CONTROL frame=12642 CAMERA-LOOP=34.9 ms
[JETSON-CAM] CONTROL frame=12658 CAMERA-LOOP=4.9 ms
[JETSON-CAM] CONTROL frame=12676 CAMERA-LOOP=68.7 ms
[JETSON-CAM] CONTROL frame=12696 CAMERA-LOOP=68.3 ms
[JETSON-CAM] CONTROL frame=12712 CAMERA-LOOP=40.7 ms
[JETSON-CAM] CONTROL frame=12732 CAMERA-LOOP=48.3 ms
[JETSON-CAM] CONTROL frame=12752 CAMERA-LOOP=35.6 ms
[JETSON-CAM] CONTROL frame=12766 CAMERA-LOOP=72.7 ms
[JETSON-CAM] CONTROL frame=12782 CAMERA-LOOP=39.0 ms
[JETSON-CAM] CONTROL frame=12802 CAMERA-LOOP=35.8 ms
[JETSON-CAM] CONTROL frame=12818 CAMERA-LOOP=8.0 ms
[JETSON-CAM] CONTROL frame=12842 CAMERA-LOOP=41.5 ms
[JETSON-CAM] CONTROL frame=12858 CAMERA-LOOP=38.6 ms
[JETSON-CAM] CONTROL frame=12878 CAMERA-LOOP=36.6 ms
[JETSON-CAM] CONTROL frame=12898 CAMERA-LOOP=35.6 ms
[JETSON-CAM] CONTROL frame=12918 CAMERA-LOOP=36.6 ms
[JETSON-CAM] CONTROL frame=12938 CAMERA-LOOP=36.7 ms
[JETSON-CAM] CONTROL frame=12958 CAMERA-LOOP=37.5 ms
[JETSON-CAM] CONTROL frame=12978 CAMERA-LOOP=37.0 ms
[JETSON-CAM] CONTROL frame=12998 CAMERA-LOOP=36.2 ms
[JETSON-CAM] CONTROL frame=13018 CAMERA-LOOP=37.9 ms
[JETSON-CAM] CONTROL frame=13038 CAMERA-LOOP=36.6 ms
[JETSON-CAM] CONTROL frame=13058 CAMERA-LOOP=36.8 ms
[JETSON-CAM] CONTROL frame=13078 CAMERA-LOOP=34.5 ms
[JETSON-CAM] CONTROL frame=13094 CAMERA-LOOP=12.8 ms
[JETSON-CAM] CONTROL frame=13114 CAMERA-LOOP=12.8 ms
[JETSON-CAM] CONTROL frame=13134 CAMERA-LOOP=67.6 ms
[JETSON-CAM] CONTROL frame=13154 CAMERA-LOOP=4.7 ms
[JETSON-CAM] CONTROL frame=13174 CAMERA-LOOP=8.0 ms
[JETSON-CAM] CONTROL frame=13194 CAMERA-LOOP=5.1 ms
[JETSON-CAM] CONTROL frame=13208 CAMERA-LOOP=38.0 ms
[JETSON-CAM] CONTROL frame=13228 CAMERA-LOOP=36.4 ms
[JETSON-CAM] CONTROL frame=13242 CAMERA-LOOP=68.8 ms
[JETSON-CAM] CONTROL frame=13258 CAMERA-LOOP=37.0 ms
[JETSON-CAM] CONTROL frame=13288 CAMERA-LOOP=31.5 ms
[JETSON-CAM] CONTROL frame=13306 CAMERA-LOOP=44.1 ms
[JETSON-CAM] CONTROL frame=13326 CAMERA-LOOP=38.0 ms
[JETSON-CAM] CONTROL frame=13346 CAMERA-LOOP=38.3 ms
[JETSON-CAM] CONTROL frame=13360 CAMERA-LOOP=74.9 ms
[JETSON-CAM] CONTROL frame=13382 CAMERA-LOOP=6.6 ms
[JETSON-CAM] CONTROL frame=13396 CAMERA-LOOP=38.7 ms
[JETSON-CAM] CONTROL frame=13416 CAMERA-LOOP=36.7 ms
[JETSON-CAM] CONTROL frame=13440 CAMERA-LOOP=62.3 ms
[JETSON-CAM] CONTROL frame=13458 CAMERA-LOOP=36.1 ms
[JETSON-CAM] CONTROL frame=13478 CAMERA-LOOP=39.8 ms
[JETSON-CAM] CONTROL frame=13496 CAMERA-LOOP=16.0 ms
[JETSON-CAM] CONTROL frame=13516 CAMERA-LOOP=7.5 ms
[JETSON-CAM] CONTROL frame=13534 CAMERA-LOOP=8.3 ms
[JETSON-CAM] CONTROL frame=13552 CAMERA-LOOP=16.2 ms
[JETSON-CAM] CONTROL frame=13570 CAMERA-LOOP=26.7 ms
[JETSON-CAM] CONTROL frame=13588 CAMERA-LOOP=51.7 ms
[JETSON-CAM] CONTROL frame=13606 CAMERA-LOOP=36.4 ms
[JETSON-CAM] CONTROL frame=13622 CAMERA-LOOP=8.2 ms
[JETSON-CAM] CONTROL frame=13640 CAMERA-LOOP=72.1 ms
[JETSON-CAM] CONTROL frame=13656 CAMERA-LOOP=36.8 ms
[JETSON-CAM] CONTROL frame=13670 CAMERA-LOOP=73.1 ms
[JETSON-CAM] CONTROL frame=13690 CAMERA-LOOP=68.5 ms
[JETSON-CAM] CONTROL frame=13706 CAMERA-LOOP=37.4 ms
[JETSON-CAM] CONTROL frame=13722 CAMERA-LOOP=6.1 ms
[JETSON-CAM] CONTROL frame=13754 CAMERA-LOOP=36.6 ms
[JETSON-CAM] CONTROL frame=13772 CAMERA-LOOP=4.9 ms
[JETSON-CAM] CONTROL frame=13786 CAMERA-LOOP=37.0 ms
[JETSON-CAM] CONTROL frame=13806 CAMERA-LOOP=42.1 ms
[JETSON-CAM] CONTROL frame=13826 CAMERA-LOOP=41.0 ms
[JETSON-CAM] CONTROL frame=13846 CAMERA-LOOP=37.1 ms
[JETSON-CAM] CONTROL frame=13866 CAMERA-LOOP=45.3 ms
[JETSON-CAM] CONTROL frame=13886 CAMERA-LOOP=48.8 ms
[JETSON-CAM] CONTROL frame=13902 CAMERA-LOOP=30.1 ms
[JETSON-CAM] CONTROL frame=13916 CAMERA-LOOP=67.7 ms
[JETSON-CAM] CONTROL frame=13932 CAMERA-LOOP=40.4 ms
[JETSON-CAM] CONTROL frame=13952 CAMERA-LOOP=40.5 ms
[JETSON-CAM] CONTROL frame=13972 CAMERA-LOOP=36.9 ms
[JETSON-CAM] CONTROL frame=13992 CAMERA-LOOP=37.3 ms
[JETSON-CAM] CONTROL frame=14012 CAMERA-LOOP=35.9 ms
[JETSON-CAM] CONTROL frame=14032 CAMERA-LOOP=40.6 ms
[JETSON-CAM] CONTROL frame=14062 CAMERA-LOOP=62.5 ms
[JETSON-CAM] CONTROL frame=14078 CAMERA-LOOP=68.6 ms
[JETSON-CAM] CONTROL frame=14100 CAMERA-LOOP=4.9 ms
[JETSON-CAM] CONTROL frame=14114 CAMERA-LOOP=41.1 ms
[JETSON-CAM] CONTROL frame=14130 CAMERA-LOOP=11.1 ms
[JETSON-CAM] CONTROL frame=14148 CAMERA-LOOP=66.1 ms
[JETSON-CAM] CONTROL frame=14164 CAMERA-LOOP=43.1 ms
[JETSON-CAM] CONTROL frame=14184 CAMERA-LOOP=35.7 ms
[JETSON-CAM] CONTROL frame=14198 CAMERA-LOOP=71.7 ms
[JETSON-CAM] CONTROL frame=14220 CAMERA-LOOP=17.6 ms
[JETSON-CAM] CONTROL frame=14238 CAMERA-LOOP=71.7 ms
[JETSON-CAM] CONTROL frame=14258 CAMERA-LOOP=71.5 ms
[JETSON-CAM] CONTROL frame=14274 CAMERA-LOOP=40.1 ms
[JETSON-CAM] CONTROL frame=14290 CAMERA-LOOP=8.1 ms
[JETSON-CAM] CONTROL frame=14304 CAMERA-LOOP=40.4 ms
[JETSON-CAM] CONTROL frame=14324 CAMERA-LOOP=36.5 ms
[JETSON-CAM] CONTROL frame=14344 CAMERA-LOOP=37.0 ms
[JETSON-CAM] CONTROL frame=14364 CAMERA-LOOP=10.5 ms
[JETSON-CAM] CONTROL frame=14378 CAMERA-LOOP=66.3 ms
[JETSON-CAM] CONTROL frame=14394 CAMERA-LOOP=36.0 ms
[JETSON-CAM] CONTROL frame=14414 CAMERA-LOOP=36.0 ms
[JETSON-CAM] CONTROL frame=14434 CAMERA-LOOP=38.3 ms
[JETSON-CAM] CONTROL frame=14454 CAMERA-LOOP=36.3 ms
[JETSON-CAM] CONTROL frame=14474 CAMERA-LOOP=41.9 ms
[JETSON-CAM] CONTROL frame=14490 CAMERA-LOOP=10.7 ms
[JETSON-CAM] CONTROL frame=14508 CAMERA-LOOP=71.6 ms
0:08:06.245628554  7906   0x7f4c001590 WARN          dtlsconnection gstdtlsconnection.c:348:handle_timeout:<GstDtlsConnection@0xf518260> handling timeout failed
[JETSON-CAM] CONTROL frame=14526 CAMERA-LOOP=62.9 ms
[JETSON-CAM] CONTROL frame=14546 CAMERA-LOOP=38.4 ms
[JETSON-CAM] CONTROL frame=14566 CAMERA-LOOP=38.4 ms
[JETSON-CAM] CONTROL frame=14586 CAMERA-LOOP=40.5 ms
[JETSON-CAM] CONTROL frame=14606 CAMERA-LOOP=38.0 ms
[JETSON-CAM] CONTROL frame=14626 CAMERA-LOOP=42.5 ms
[JETSON-CAM] CONTROL frame=14646 CAMERA-LOOP=38.3 ms
[JETSON-CAM] CONTROL frame=14666 CAMERA-LOOP=35.7 ms
[JETSON-CAM] CONTROL frame=14684 CAMERA-LOOP=5.2 ms
[JETSON-CAM] CONTROL frame=14698 CAMERA-LOOP=43.0 ms
[JETSON-CAM] CONTROL frame=14718 CAMERA-LOOP=38.1 ms
[JETSON-CAM] CONTROL frame=14738 CAMERA-LOOP=36.4 ms
[JETSON-CAM] CONTROL frame=14754 CAMERA-LOOP=7.2 ms
[JETSON-CAM] CONTROL frame=14774 CAMERA-LOOP=15.5 ms
[JETSON-CAM] CONTROL frame=14792 CAMERA-LOOP=67.6 ms
[JETSON-CAM] CONTROL frame=14808 CAMERA-LOOP=35.8 ms
[JETSON-CAM] CONTROL frame=14830 CAMERA-LOOP=7.8 ms
[JETSON-CAM] CONTROL frame=14846 CAMERA-LOOP=36.1 ms
[JETSON-CAM] CONTROL frame=14866 CAMERA-LOOP=37.1 ms
[JETSON-CAM] CONTROL frame=14886 CAMERA-LOOP=37.8 ms
[JETSON-CAM] CONTROL frame=14900 CAMERA-LOOP=71.7 ms
[JETSON-CAM] CONTROL frame=14916 CAMERA-LOOP=41.8 ms
[JETSON-CAM] CONTROL frame=14936 CAMERA-LOOP=49.9 ms
[JETSON-CAM] CONTROL frame=14956 CAMERA-LOOP=37.0 ms
[JETSON-CAM] CONTROL frame=14984 CAMERA-LOOP=40.4 ms
[JETSON-CAM] CONTROL frame=15000 CAMERA-LOOP=68.0 ms
[JETSON-CAM] CONTROL frame=15020 CAMERA-LOOP=67.6 ms
[JETSON-CAM] CONTROL frame=15036 CAMERA-LOOP=38.9 ms
[JETSON-CAM] CONTROL frame=15056 CAMERA-LOOP=36.0 ms
[JETSON-CAM] CONTROL frame=15072 CAMERA-LOOP=5.1 ms
[JETSON-CAM] CONTROL frame=15086 CAMERA-LOOP=41.5 ms
[JETSON-CAM] CONTROL frame=15106 CAMERA-LOOP=36.5 ms
[JETSON-CAM] CONTROL frame=15122 CAMERA-LOOP=5.2 ms
[JETSON-CAM] CONTROL frame=15150 CAMERA-LOOP=34.6 ms
[JETSON-CAM] CONTROL frame=15168 CAMERA-LOOP=4.1 ms
[JETSON-CAM] CONTROL frame=15188 CAMERA-LOOP=4.2 ms
[JETSON-CAM] CONTROL frame=15206 CAMERA-LOOP=72.8 ms
[JETSON-CAM] CONTROL frame=15228 CAMERA-LOOP=13.1 ms
[JETSON-CAM] CONTROL frame=15246 CAMERA-LOOP=67.7 ms
[JETSON-CAM] CONTROL frame=15262 CAMERA-LOOP=37.5 ms
[JETSON-CAM] CONTROL frame=15282 CAMERA-LOOP=37.8 ms
[JETSON-CAM] CONTROL frame=15302 CAMERA-LOOP=36.2 ms
[JETSON-CAM] CONTROL frame=15318 CAMERA-LOOP=4.6 ms
[JETSON-CAM] CONTROL frame=15340 CAMERA-LOOP=86.4 ms
[JETSON-CAM] CONTROL frame=15356 CAMERA-LOOP=67.0 ms
[JETSON-CAM] CONTROL frame=15372 CAMERA-LOOP=38.9 ms
[JETSON-CAM] CONTROL frame=15388 CAMERA-LOOP=8.1 ms
[JETSON-CAM] CONTROL frame=15406 CAMERA-LOOP=70.1 ms
[JETSON-CAM] CONTROL frame=15426 CAMERA-LOOP=71.8 ms
[JETSON-CAM] CONTROL frame=15456 CAMERA-LOOP=28.3 ms
[JETSON-CAM] CONTROL frame=15472 CAMERA-LOOP=36.0 ms
[JETSON-CAM] CONTROL frame=15492 CAMERA-LOOP=41.0 ms
[JETSON-CAM] CONTROL frame=15512 CAMERA-LOOP=34.4 ms
[JETSON-CAM] CONTROL frame=15526 CAMERA-LOOP=67.5 ms
[JETSON-CAM] CONTROL frame=15546 CAMERA-LOOP=67.4 ms
[JETSON-CAM] CONTROL frame=15562 CAMERA-LOOP=36.1 ms
[JETSON-CAM] CONTROL frame=15582 CAMERA-LOOP=37.3 ms
[JETSON-CAM] CONTROL frame=15608 CAMERA-LOOP=58.9 ms
[JETSON-CAM] CONTROL frame=15624 CAMERA-LOOP=68.5 ms
[JETSON-CAM] CONTROL frame=15644 CAMERA-LOOP=73.0 ms
[JETSON-CAM] CONTROL frame=15664 CAMERA-LOOP=69.4 ms
[JETSON-CAM] CONTROL frame=15684 CAMERA-LOOP=69.1 ms
[JETSON-CAM] CONTROL frame=15704 CAMERA-LOOP=68.0 ms
[JETSON-CAM] CONTROL frame=15720 CAMERA-LOOP=37.1 ms
[JETSON-CAM] CONTROL frame=15740 CAMERA-LOOP=37.4 ms
[JETSON-CAM] CONTROL frame=15764 CAMERA-LOOP=63.2 ms
[JETSON-CAM] CONTROL frame=15782 CAMERA-LOOP=43.4 ms
[JETSON-CAM] CONTROL frame=15802 CAMERA-LOOP=36.2 ms
[JETSON-CAM] CONTROL frame=15822 CAMERA-LOOP=40.5 ms
[JETSON-CAM] CONTROL frame=15842 CAMERA-LOOP=46.9 ms
[JETSON-CAM] CONTROL frame=15862 CAMERA-LOOP=36.6 ms
[JETSON-CAM] CONTROL frame=15882 CAMERA-LOOP=36.3 ms
[JETSON-CAM] CONTROL frame=15898 CAMERA-LOOP=4.7 ms
[JETSON-CAM] CONTROL frame=15922 CAMERA-LOOP=26.2 ms
[JETSON-CAM] CONTROL frame=15938 CAMERA-LOOP=5.7 ms
[JETSON-CAM] CONTROL frame=15958 CAMERA-LOOP=5.3 ms
[JETSON-CAM] CONTROL frame=15976 CAMERA-LOOP=67.3 ms
[JETSON-CAM] CONTROL frame=15998 CAMERA-LOOP=5.4 ms
[JETSON-CAM] CONTROL frame=16018 CAMERA-LOOP=6.4 ms
[JETSON-CAM] CONTROL frame=16038 CAMERA-LOOP=11.7 ms
[JETSON-CAM] CONTROL frame=16058 CAMERA-LOOP=4.7 ms
0:09:06.257594012  7906   0x7f4c0015e0 WARN          dtlsconnection gstdtlsconnection.c:348:handle_timeout:<GstDtlsConnection@0xf518260> handling timeout failed
0:10:06.317808686  7906   0x7f4c001630 WARN          dtlsconnection gstdtlsconnection.c:348:handle_timeout:<GstDtlsConnection@0xf518260> handling timeout failed
0:11:06.378020058  7906   0x7f4c001680 WARN          dtlsconnection gstdtlsconnection.c:348:handle_timeout:<GstDtlsConnection@0xf518260> handling timeout failed
0:12:06.438230424  7906   0x7f4c0016d0 WARN          dtlsconnection gstdtlsconnection.c:348:handle_timeout:<GstDtlsConnection@0xf518260> handling timeout failed
0:13:06.465638238  7906   0x7f4c001720 WARN          dtlsconnection gstdtlsconnection.c:348:handle_timeout:<GstDtlsConnection@0xf518260> handling timeout failed
0:14:06.481612259  7906   0x7f4c001770 WARN          dtlsconnection gstdtlsconnection.c:348:handle_timeout:<GstDtlsConnection@0xf518260> handling timeout failed
