[RTX-GST] broker connecting ws://127.0.0.1:8765/ws?role=rtx&session=full-loop-20260811_195750-3
[RTX-GST] broker connected
[RTX-GST] CONTROL_UDP public 14.139.108.62:56025
[RTX-GST] STUN stun://stun.l.google.com:19302
[RTX-GST] WEBRTC JITTERBUFFER 20 ms
[RTX-GST] PLAYING <enum GST_STATE_CHANGE_SUCCESS of type Gst.StateChangeReturn>
[RTX-GST] peer jetson missing
[RTX-GST] peer jetson missing
[RTX-GST] peer jetson missing
[RTX-GST] peer jetson missing
[RTX-GST] peer jetson missing
[RTX-GST] peer jetson missing
[RTX-GST] peer jetson missing
[RTX-GST] peer jetson missing
[RTX-GST] peer jetson missing
[RTX-GST] peer jetson missing
[RTX-GST] peer jetson missing
[RTX-GST] peer jetson missing
[RTX-GST] peer jetson missing
[RTX-GST] peer jetson missing
[RTX-GST] peer jetson missing
[RTX-GST] peer jetson missing
[RTX-GST] peer jetson missing
[RTX-GST] peer jetson missing
[RTX-GST] peer jetson missing
[RTX-GST] peer jetson missing
[RTX-GST] peer jetson missing
[RTX-GST] peer jetson missing
[RTX-GST] peer jetson missing
[RTX-GST] peer jetson missing
[RTX-GST] peer jetson missing
[RTX-GST] peer jetson missing
[RTX-GST] peer jetson missing
[RTX-GST] peer jetson missing
[RTX-GST] peer jetson missing
[RTX-GST] peer jetson missing
[RTX-GST] peer jetson missing
[RTX-GST] peer jetson missing
[RTX-GST] peer jetson missing
[RTX-GST] peer jetson missing
[RTX-GST] peer jetson missing
[RTX-GST] peer jetson missing
[RTX-GST] peer jetson missing
[RTX-GST] peer jetson missing
[RTX-GST] peer jetson missing
[RTX-GST] peer jetson missing
[RTX-GST] peer jetson missing
[RTX-GST] peer jetson missing
[RTX-GST] peer jetson missing
[RTX-GST] peer jetson missing
[RTX-GST] peer jetson missing
[RTX-GST] peer jetson missing
[RTX-GST] peer jetson missing
[RTX-GST] peer jetson missing
[RTX-GST] peer jetson missing
[RTX-GST] peer jetson missing
[RTX-GST] peer jetson missing
[RTX-GST] peer jetson missing
[RTX-GST] peer jetson missing
[RTX-GST] peer jetson missing
[RTX-GST] peer jetson missing
[RTX-GST] peer jetson missing
[RTX-GST] peer jetson missing
[RTX-GST] peer jetson missing
[RTX-GST] peer jetson missing
[RTX-GST] peer jetson missing
[RTX-GST] peer jetson missing
[RTX-GST] peer jetson missing
[RTX-GST] peer jetson missing
[RTX-GST] peer jetson missing
[RTX-GST] peer jetson missing
[RTX-GST] peer jetson missing
[RTX-GST] peer jetson missing
[RTX-GST] peer jetson missing
[RTX-GST] peer jetson missing
[RTX-GST] peer jetson missing
[RTX-GST] peer jetson missing
[RTX-GST] peer jetson missing
[RTX-GST] peer jetson missing
[RTX-GST] peer jetson missing
[RTX-GST] peer jetson missing
[RTX-GST] peer jetson missing
[RTX-GST] peer jetson missing
[RTX-GST] peer jetson missing
[RTX-GST] peer jetson missing
[RTX-GST] peer jetson missing
[RTX-GST] peer jetson missing
[RTX-GST] peer jetson missing
[RTX-GST] peer jetson missing
[RTX-GST] peer jetson missing
[RTX-GST] peer jetson missing
[RTX-GST] peer jetson missing
[RTX-GST] peer jetson missing
[RTX-GST] peer jetson missing
[RTX-GST] peer jetson missing
[RTX-GST] peer jetson missing
[RTX-GST] peer jetson missing
[RTX-GST] peer jetson missing
[RTX-GST] peer jetson missing
[RTX-GST] peer jetson missing
[RTX-GST] peer jetson missing
[RTX-GST] peer jetson missing
[RTX-GST] peer jetson missing
[RTX-GST] peer jetson missing
[RTX-GST] peer jetson missing
[RTX-GST] peer jetson missing
[RTX-GST] peer jetson missing
[RTX-GST] peer jetson missing
[RTX-GST] peer jetson missing
[RTX-GST] peer jetson missing
[RTX-GST] peer jetson missing
[RTX-GST] peer jetson missing
[RTX-GST] peer jetson missing
[RTX-GST] peer jetson missing
[RTX-GST] peer jetson missing
[RTX-GST] peer jetson missing
[RTX-GST] peer jetson missing
[RTX-GST] peer jetson missing
[RTX-GST] peer jetson missing
[RTX-GST] peer jetson missing
[RTX-GST] peer jetson missing
[RTX-GST] peer jetson missing
[RTX-GST] peer jetson missing
[RTX-GST] peer jetson missing
[RTX-GST] peer jetson missing
[RTX-GST] peer jetson missing
[RTX-GST] peer jetson missing
[RTX-GST] peer jetson missing
[RTX-GST] peer jetson missing
[RTX-GST] peer jetson missing
[RTX-GST] peer jetson missing
[RTX-GST] peer jetson missing
[RTX-GST] peer jetson missing
[RTX-GST] peer jetson missing
[RTX-GST] peer jetson missing
[RTX-GST] peer jetson missing
[RTX-GST] peer jetson missing
[RTX-GST] peer jetson missing
[RTX-GST] peer jetson missing
[RTX-GST] peer jetson missing
