[RTX-GST] PUBLIC 14.139.108.62:51594
[RTX-GST] PEER_CANDIDATE 152.58.1.45:59678
[RTX-GST] SIGNALING_P2P READY peer=152.58.1.45:59678
[RTX-GST] RTP_RX pkts=30 meta=30 frames_rx=29
[RTX-GST] PLAYING <enum GST_STATE_CHANGE_ASYNC of type Gst.StateChangeReturn>
[RTX-GST] RTP_RX pkts=60 meta=60 frames_rx=59
[RTX-GST] RTP_RX pkts=90 meta=90 frames_rx=89
[RTX-GST] RTP_RX pkts=120 meta=120 frames_rx=119
[RTX-GST] RTP_RX pkts=150 meta=150 frames_rx=149
[RTX-GST] RTP_RX pkts=180 meta=180 frames_rx=179
[RTX-GST] RTP_RX pkts=210 meta=210 frames_rx=209
[RTX-GST] RTP_RX pkts=240 meta=240 frames_rx=239
[RTX-GST] RTP_RX pkts=270 meta=270 frames_rx=269
[RTX-GST] RTP_RX pkts=300 meta=300 frames_rx=299
[RTX-GST] RTP_RX pkts=330 meta=330 frames_rx=329
[RTX-GST] RTP_RX pkts=360 meta=360 frames_rx=359
[RTX-GST] RTP_RX pkts=390 meta=390 frames_rx=389
[RTX-GST] RTP_RX pkts=420 meta=420 frames_rx=419
[RTX-GST] RTP_RX pkts=450 meta=450 frames_rx=449
[RTX-GST] RTP_RX pkts=480 meta=480 frames_rx=479
[RTX-GST] RTP_RX pkts=510 meta=510 frames_rx=509
[RTX-GST] RTP_RX pkts=540 meta=540 frames_rx=539
[RTX-GST] RTP_RX pkts=570 meta=570 frames_rx=569
[RTX-GST] RTP_RX pkts=600 meta=600 frames_rx=599
[RTX-GST] RTP_RX pkts=630 meta=630 frames_rx=629
[RTX-GST] RTP_RX pkts=660 meta=660 frames_rx=659
[RTX-GST] RTP_RX pkts=690 meta=690 frames_rx=689
[RTX-GST] RTP_RX pkts=720 meta=720 frames_rx=719
[RTX-GST] RTP_RX pkts=750 meta=750 frames_rx=749
[RTX-GST] RTP_RX pkts=780 meta=780 frames_rx=779
[RTX-GST] RTP_RX pkts=810 meta=810 frames_rx=809
[RTX-GST] RTP_RX pkts=840 meta=840 frames_rx=839
[RTX-GST] RTP_RX pkts=870 meta=870 frames_rx=869
[RTX-GST] RTP_RX pkts=900 meta=900 frames_rx=899
[RTX-GST] RTP_RX pkts=930 meta=930 frames_rx=929
[RTX-GST] RTP_RX pkts=960 meta=960 frames_rx=959
[RTX-GST] RTP_RX pkts=990 meta=990 frames_rx=989
[RTX-GST] RTP_RX pkts=1020 meta=1020 frames_rx=1019
[RTX-GST] RTP_RX pkts=1050 meta=1050 frames_rx=1049
[RTX-GST] RTP_RX pkts=1080 meta=1080 frames_rx=1079
[RTX-GST] RTP_RX pkts=1110 meta=1110 frames_rx=1109
[RTX-GST] RTP_RX pkts=1140 meta=1140 frames_rx=1139
[RTX-GST] RTP_RX pkts=1170 meta=1170 frames_rx=1169
[RTX-GST] RTP_RX pkts=1200 meta=1200 frames_rx=1199
[RTX-GST] RTP_RX pkts=1230 meta=1230 frames_rx=1229
[RTX-GST] RTP_RX pkts=1260 meta=1260 frames_rx=1259
[RTX-GST] RTP_RX pkts=1290 meta=1290 frames_rx=1289
[RTX-GST] RTP_RX pkts=1320 meta=1320 frames_rx=1319
[RTX-GST] RTP_RX pkts=1350 meta=1350 frames_rx=1349
[RTX-GST] RTP_RX pkts=1380 meta=1380 frames_rx=1379
[RTX-GST] RTP_RX pkts=1410 meta=1410 frames_rx=1409
[RTX-GST] RTP_RX pkts=1440 meta=1440 frames_rx=1439
[RTX-GST] RTP_RX pkts=1470 meta=1470 frames_rx=1469
[RTX-GST] RTP_RX pkts=1500 meta=1500 frames_rx=1499
[RTX-GST] RTP_RX pkts=1530 meta=1530 frames_rx=1529
[RTX-GST] RTP_RX pkts=1560 meta=1560 frames_rx=1559
[RTX-GST] RTP_RX pkts=1590 meta=1590 frames_rx=1589
[RTX-GST] RTP_RX pkts=1620 meta=1620 frames_rx=1619
[RTX-GST] RTP_RX pkts=1650 meta=1650 frames_rx=1649
[RTX-GST] RTP_RX pkts=1680 meta=1680 frames_rx=1679
[RTX-GST] RTP_RX pkts=1710 meta=1710 frames_rx=1709
[RTX-GST] RTP_RX pkts=1740 meta=1740 frames_rx=1739
[RTX-GST] RTP_RX pkts=1770 meta=1770 frames_rx=1769
[RTX-GST] RTP_RX pkts=1800 meta=1800 frames_rx=1799
[RTX-GST] RTP_RX pkts=1830 meta=1830 frames_rx=1829
[RTX-GST] RTP_RX pkts=1860 meta=1860 frames_rx=1859
[RTX-GST] RTP_RX pkts=1890 meta=1890 frames_rx=1889
[RTX-GST] RTP_RX pkts=1920 meta=1920 frames_rx=1919
[RTX-GST] RTP_RX pkts=1950 meta=1950 frames_rx=1949
[RTX-GST] RTP_RX pkts=1980 meta=1980 frames_rx=1979
[RTX-GST] RTP_RX pkts=2010 meta=2010 frames_rx=2009
[RTX-GST] RTP_RX pkts=2040 meta=2040 frames_rx=2039
[RTX-GST] RTP_RX pkts=2070 meta=2070 frames_rx=2069
[RTX-GST] RTP_RX pkts=2100 meta=2100 frames_rx=2099
[RTX-GST] RTP_RX pkts=2130 meta=2130 frames_rx=2129
[RTX-GST] RTP_RX pkts=2160 meta=2160 frames_rx=2159
[RTX-GST] RTP_RX pkts=2190 meta=2190 frames_rx=2189
[RTX-GST] RTP_RX pkts=2220 meta=2220 frames_rx=2219
[RTX-GST] RTP_RX pkts=2250 meta=2250 frames_rx=2249
[RTX-GST] RTP_RX pkts=2280 meta=2280 frames_rx=2279
[RTX-GST] RTP_RX pkts=2310 meta=2310 frames_rx=2309
[RTX-GST] RTP_RX pkts=2340 meta=2340 frames_rx=2339
[RTX-GST] RTP_RX pkts=2370 meta=2370 frames_rx=2369
[RTX-GST] RTP_RX pkts=2400 meta=2400 frames_rx=2399
[RTX-GST] RTP_RX pkts=2430 meta=2430 frames_rx=2429
[RTX-GST] RTP_RX pkts=2460 meta=2460 frames_rx=2459
[RTX-GST] RTP_RX pkts=2490 meta=2490 frames_rx=2489
[RTX-GST] RTP_RX pkts=2520 meta=2520 frames_rx=2519
[RTX-GST] RTP_RX pkts=2550 meta=2550 frames_rx=2549
[RTX-GST] RTP_RX pkts=2580 meta=2580 frames_rx=2579
[RTX-GST] RTP_RX pkts=2610 meta=2610 frames_rx=2609
[RTX-GST] RTP_RX pkts=2640 meta=2640 frames_rx=2639
[RTX-GST] RTP_RX pkts=2670 meta=2670 frames_rx=2669
[RTX-GST] RTP_RX pkts=2700 meta=2700 frames_rx=2699
[RTX-GST] RTP_RX pkts=2730 meta=2730 frames_rx=2729
[RTX-GST] RTP_RX pkts=2760 meta=2760 frames_rx=2759
[RTX-GST] RTP_RX pkts=2790 meta=2790 frames_rx=2789
[RTX-GST] RTP_RX pkts=2820 meta=2820 frames_rx=2819
[RTX-GST] RTP_RX pkts=2850 meta=2850 frames_rx=2849
[RTX-GST] RTP_RX pkts=2880 meta=2880 frames_rx=2879
[RTX-GST] RTP_RX pkts=2910 meta=2910 frames_rx=2909
[RTX-GST] RTP_RX pkts=2940 meta=2940 frames_rx=2939
[RTX-GST] RTP_RX pkts=2970 meta=2970 frames_rx=2969
[RTX-GST] RTP_RX pkts=3000 meta=3000 frames_rx=2999
[RTX-GST] RTP_RX pkts=3030 meta=3030 frames_rx=3029
[RTX-GST] RTP_RX pkts=3060 meta=3060 frames_rx=3059
[RTX-GST] RTP_RX pkts=3090 meta=3090 frames_rx=3089
[RTX-GST] RTP_RX pkts=3120 meta=3120 frames_rx=3119
[RTX-GST] RTP_RX pkts=3150 meta=3150 frames_rx=3149
[RTX-GST] RTP_RX pkts=3180 meta=3180 frames_rx=3179
[RTX-GST] RTP_RX pkts=3210 meta=3210 frames_rx=3209
[RTX-GST] RTP_RX pkts=3240 meta=3240 frames_rx=3239
[RTX-GST] RTP_RX pkts=3270 meta=3270 frames_rx=3269
[RTX-GST] RTP_RX pkts=3300 meta=3300 frames_rx=3299
[RTX-GST] RTP_RX pkts=3330 meta=3330 frames_rx=3329
[RTX-GST] RTP_RX pkts=3360 meta=3360 frames_rx=3359
[RTX-GST] RTP_RX pkts=3390 meta=3390 frames_rx=3389
[RTX-GST] RTP_RX pkts=3420 meta=3420 frames_rx=3419
[RTX-GST] RTP_RX pkts=3450 meta=3450 frames_rx=3449
[RTX-GST] RTP_RX pkts=3480 meta=3480 frames_rx=3479
